Archive member included to satisfy reference by file (symbol)

c:/ac6/systemworkbench/plugins/fr.ac6.mcu.externaltools.arm-none.win32_1.17.0.201812190825/tools/compiler/bin/../lib/gcc/arm-none-eabi/7.3.1/thumb/v6-m\libgcc.a(_udivsi3.o)
                              Drivers/STM32L0xx_HAL_Driver/Src/stm32l0xx_hal.o (__aeabi_uidiv)
c:/ac6/systemworkbench/plugins/fr.ac6.mcu.externaltools.arm-none.win32_1.17.0.201812190825/tools/compiler/bin/../lib/gcc/arm-none-eabi/7.3.1/thumb/v6-m\libgcc.a(_dvmd_tls.o)
                              c:/ac6/systemworkbench/plugins/fr.ac6.mcu.externaltools.arm-none.win32_1.17.0.201812190825/tools/compiler/bin/../lib/gcc/arm-none-eabi/7.3.1/thumb/v6-m\libgcc.a(_udivsi3.o) (__aeabi_idiv0)
c:/ac6/systemworkbench/plugins/fr.ac6.mcu.externaltools.arm-none.win32_1.17.0.201812190825/tools/compiler/bin/../lib/gcc/arm-none-eabi/7.3.1/thumb/v6-m\libgcc.a(_aeabi_uldivmod.o)
                              Drivers/STM32L0xx_HAL_Driver/Src/stm32l0xx_hal_uart.o (__aeabi_uldivmod)
c:/ac6/systemworkbench/plugins/fr.ac6.mcu.externaltools.arm-none.win32_1.17.0.201812190825/tools/compiler/bin/../lib/gcc/arm-none-eabi/7.3.1/thumb/v6-m\libgcc.a(_udivmoddi4.o)
                              c:/ac6/systemworkbench/plugins/fr.ac6.mcu.externaltools.arm-none.win32_1.17.0.201812190825/tools/compiler/bin/../lib/gcc/arm-none-eabi/7.3.1/thumb/v6-m\libgcc.a(_aeabi_uldivmod.o) (__udivmoddi4)
c:/ac6/systemworkbench/plugins/fr.ac6.mcu.externaltools.arm-none.win32_1.17.0.201812190825/tools/compiler/bin/../lib/gcc/arm-none-eabi/7.3.1/thumb/v6-m\libgcc.a(_clzdi2.o)
                              c:/ac6/systemworkbench/plugins/fr.ac6.mcu.externaltools.arm-none.win32_1.17.0.201812190825/tools/compiler/bin/../lib/gcc/arm-none-eabi/7.3.1/thumb/v6-m\libgcc.a(_udivmoddi4.o) (__clzdi2)
c:/ac6/systemworkbench/plugins/fr.ac6.mcu.externaltools.arm-none.win32_1.17.0.201812190825/tools/compiler/bin/../lib/gcc/arm-none-eabi/7.3.1/thumb/v6-m\libgcc.a(_clzsi2.o)
                              c:/ac6/systemworkbench/plugins/fr.ac6.mcu.externaltools.arm-none.win32_1.17.0.201812190825/tools/compiler/bin/../lib/gcc/arm-none-eabi/7.3.1/thumb/v6-m\libgcc.a(_clzdi2.o) (__clzsi2)
c:/ac6/systemworkbench/plugins/fr.ac6.mcu.externaltools.arm-none.win32_1.17.0.201812190825/tools/compiler/bin/../lib/gcc/arm-none-eabi/7.3.1/../../../../arm-none-eabi/lib/thumb/v6-m\libc_nano.a(lib_a-errno.o)
                              Src/syscalls.o (__errno)
c:/ac6/systemworkbench/plugins/fr.ac6.mcu.externaltools.arm-none.win32_1.17.0.201812190825/tools/compiler/bin/../lib/gcc/arm-none-eabi/7.3.1/../../../../arm-none-eabi/lib/thumb/v6-m\libc_nano.a(lib_a-exit.o)
                              c:/ac6/systemworkbench/plugins/fr.ac6.mcu.externaltools.arm-none.win32_1.17.0.201812190825/tools/compiler/bin/../lib/gcc/arm-none-eabi/7.3.1/../../../../arm-none-eabi/lib/thumb/v6-m/crt0.o (exit)
c:/ac6/systemworkbench/plugins/fr.ac6.mcu.externaltools.arm-none.win32_1.17.0.201812190825/tools/compiler/bin/../lib/gcc/arm-none-eabi/7.3.1/../../../../arm-none-eabi/lib/thumb/v6-m\libc_nano.a(lib_a-impure.o)
                              c:/ac6/systemworkbench/plugins/fr.ac6.mcu.externaltools.arm-none.win32_1.17.0.201812190825/tools/compiler/bin/../lib/gcc/arm-none-eabi/7.3.1/../../../../arm-none-eabi/lib/thumb/v6-m\libc_nano.a(lib_a-exit.o) (_global_impure_ptr)
c:/ac6/systemworkbench/plugins/fr.ac6.mcu.externaltools.arm-none.win32_1.17.0.201812190825/tools/compiler/bin/../lib/gcc/arm-none-eabi/7.3.1/../../../../arm-none-eabi/lib/thumb/v6-m\libc_nano.a(lib_a-init.o)
                              c:/ac6/systemworkbench/plugins/fr.ac6.mcu.externaltools.arm-none.win32_1.17.0.201812190825/tools/compiler/bin/../lib/gcc/arm-none-eabi/7.3.1/../../../../arm-none-eabi/lib/thumb/v6-m/crt0.o (__libc_init_array)
c:/ac6/systemworkbench/plugins/fr.ac6.mcu.externaltools.arm-none.win32_1.17.0.201812190825/tools/compiler/bin/../lib/gcc/arm-none-eabi/7.3.1/../../../../arm-none-eabi/lib/thumb/v6-m\libc_nano.a(lib_a-memcpy-stub.o)
                              Middlewares/ST/BlueNRG-MS/hci/controller/bluenrg_gap_aci.o (memcpy)
c:/ac6/systemworkbench/plugins/fr.ac6.mcu.externaltools.arm-none.win32_1.17.0.201812190825/tools/compiler/bin/../lib/gcc/arm-none-eabi/7.3.1/../../../../arm-none-eabi/lib/thumb/v6-m\libc_nano.a(lib_a-memset.o)
                              c:/ac6/systemworkbench/plugins/fr.ac6.mcu.externaltools.arm-none.win32_1.17.0.201812190825/tools/compiler/bin/../lib/gcc/arm-none-eabi/7.3.1/../../../../arm-none-eabi/lib/thumb/v6-m/crt0.o (memset)
c:/ac6/systemworkbench/plugins/fr.ac6.mcu.externaltools.arm-none.win32_1.17.0.201812190825/tools/compiler/bin/../lib/gcc/arm-none-eabi/7.3.1/../../../../arm-none-eabi/lib/thumb/v6-m\libc_nano.a(lib_a-printf.o)
                              Src/app_x-cube-ble1.o (printf)
[...]
Memory Configuration

Name             Origin             Length             Attributes
RAM              0x20000000         0x00002000         xrw
FLASH            0x08000000         0x00010000         xr
*default*        0x00000000         0xffffffff

Linker script and memory map

LOAD c:/ac6/systemworkbench/plugins/fr.ac6.mcu.externaltools.arm-none.win32_1.17.0.201812190825/tools/compiler/bin/../lib/gcc/arm-none-eabi/7.3.1/thumb/v6-m/crti.o
LOAD c:/ac6/systemworkbench/plugins/fr.ac6.mcu.externaltools.arm-none.win32_1.17.0.201812190825/tools/compiler/bin/../lib/gcc/arm-none-eabi/7.3.1/thumb/v6-m/crtbegin.o
LOAD c:/ac6/systemworkbench/plugins/fr.ac6.mcu.externaltools.arm-none.win32_1.17.0.201812190825/tools/compiler/bin/../lib/gcc/arm-none-eabi/7.3.1/../../../../arm-none-eabi/lib/thumb/v6-m/crt0.o
LOAD Drivers/STM32L0xx_HAL_Driver/Src/stm32l0xx_hal.o
LOAD Drivers/STM32L0xx_HAL_Driver/Src/stm32l0xx_hal_cortex.o
LOAD Drivers/STM32L0xx_HAL_Driver/Src/stm32l0xx_hal_dma.o
LOAD Drivers/STM32L0xx_HAL_Driver/Src/stm32l0xx_hal_flash.o
LOAD Drivers/STM32L0xx_HAL_Driver/Src/stm32l0xx_hal_flash_ex.o
LOAD Drivers/STM32L0xx_HAL_Driver/Src/stm32l0xx_hal_flash_ramfunc.o
LOAD Drivers/STM32L0xx_HAL_Driver/Src/stm32l0xx_hal_gpio.o
LOAD Drivers/STM32L0xx_HAL_Driver/Src/stm32l0xx_hal_i2c.o
LOAD Drivers/STM32L0xx_HAL_Driver/Src/stm32l0xx_hal_i2c_ex.o
LOAD Drivers/STM32L0xx_HAL_Driver/Src/stm32l0xx_hal_pwr.o
LOAD Drivers/STM32L0xx_HAL_Driver/Src/stm32l0xx_hal_pwr_ex.o
LOAD Drivers/STM32L0xx_HAL_Driver/Src/stm32l0xx_hal_rcc.o
LOAD Drivers/STM32L0xx_HAL_Driver/Src/stm32l0xx_hal_rcc_ex.o
LOAD Drivers/STM32L0xx_HAL_Driver/Src/stm32l0xx_hal_spi.o
LOAD Drivers/STM32L0xx_HAL_Driver/Src/stm32l0xx_hal_tim.o
LOAD Drivers/STM32L0xx_HAL_Driver/Src/stm32l0xx_hal_tim_ex.o
LOAD Drivers/STM32L0xx_HAL_Driver/Src/stm32l0xx_hal_uart.o
LOAD Drivers/STM32L0xx_HAL_Driver/Src/stm32l0xx_hal_uart_ex.o
LOAD Middlewares/ST/BlueNRG-MS/hci/controller/bluenrg_IFR.o
LOAD Middlewares/ST/BlueNRG-MS/hci/controller/bluenrg_gap_aci.o
LOAD Middlewares/ST/BlueNRG-MS/hci/controller/bluenrg_gatt_aci.o
LOAD Middlewares/ST/BlueNRG-MS/hci/controller/bluenrg_hal_aci.o
LOAD Middlewares/ST/BlueNRG-MS/hci/controller/bluenrg_l2cap_aci.o
LOAD Middlewares/ST/BlueNRG-MS/hci/controller/bluenrg_updater_aci.o
LOAD Middlewares/ST/BlueNRG-MS/hci/controller/bluenrg_utils_small.o
LOAD Middlewares/ST/BlueNRG-MS/hci/hci_le.o
LOAD Middlewares/ST/BlueNRG-MS/hci/hci_tl_patterns/Basic/hci_tl.o
LOAD Middlewares/ST/BlueNRG-MS/utils/ble_list.o
LOAD Src/app_x-cube-ble1.o
LOAD Src/gpio.o
LOAD Src/hci_tl_interface.o
LOAD Src/main.o
LOAD Src/stm32l0xx_hal_exti.o
LOAD Src/stm32l0xx_hal_msp.o
LOAD Src/stm32l0xx_it.o
LOAD Src/stm32l0xx_nucleo_bus.o
LOAD Src/sys.o
LOAD Src/syscalls.o
LOAD Src/system_stm32l0xx.o
LOAD Src/usart.o
LOAD startup/startup_stm32l053xx.o
LOAD c:/ac6/systemworkbench/plugins/fr.ac6.mcu.externaltools.arm-none.win32_1.17.0.201812190825/tools/compiler/bin/../lib/gcc/arm-none-eabi/7.3.1/../../../../arm-none-eabi/lib/thumb/v6-m\libm.a
START GROUP
LOAD c:/ac6/systemworkbench/plugins/fr.ac6.mcu.externaltools.arm-none.win32_1.17.0.201812190825/tools/compiler/bin/../lib/gcc/arm-none-eabi/7.3.1/thumb/v6-m\libgcc.a
LOAD c:/ac6/systemworkbench/plugins/fr.ac6.mcu.externaltools.arm-none.win32_1.17.0.201812190825/tools/compiler/bin/../lib/gcc/arm-none-eabi/7.3.1/../../../../arm-none-eabi/lib/thumb/v6-m\libc_nano.a
END GROUP
START GROUP
LOAD c:/ac6/systemworkbench/plugins/fr.ac6.mcu.externaltools.arm-none.win32_1.17.0.201812190825/tools/compiler/bin/../lib/gcc/arm-none-eabi/7.3.1/thumb/v6-m\libgcc.a
LOAD c:/ac6/systemworkbench/plugins/fr.ac6.mcu.externaltools.arm-none.win32_1.17.0.201812190825/tools/compiler/bin/../lib/gcc/arm-none-eabi/7.3.1/../../../../arm-none-eabi/lib/thumb/v6-m\libc_nano.a
LOAD c:/ac6/systemworkbench/plugins/fr.ac6.mcu.externaltools.arm-none.win32_1.17.0.201812190825/tools/compiler/bin/../lib/gcc/arm-none-eabi/7.3.1/../../../../arm-none-eabi/lib/thumb/v6-m\libnosys.a
END GROUP
START GROUP
LOAD c:/ac6/systemworkbench/plugins/fr.ac6.mcu.externaltools.arm-none.win32_1.17.0.201812190825/tools/compiler/bin/../lib/gcc/arm-none-eabi/7.3.1/thumb/v6-m\libgcc.a
LOAD c:/ac6/systemworkbench/plugins/fr.ac6.mcu.externaltools.arm-none.win32_1.17.0.201812190825/tools/compiler/bin/../lib/gcc/arm-none-eabi/7.3.1/../../../../arm-none-eabi/lib/thumb/v6-m\libc_nano.a
LOAD c:/ac6/systemworkbench/plugins/fr.ac6.mcu.externaltools.arm-none.win32_1.17.0.201812190825/tools/compiler/bin/../lib/gcc/arm-none-eabi/7.3.1/../../../../arm-none-eabi/lib/thumb/v6-m\libnosys.a
END GROUP
LOAD c:/ac6/systemworkbench/plugins/fr.ac6.mcu.externaltools.arm-none.win32_1.17.0.201812190825/tools/compiler/bin/../lib/gcc/arm-none-eabi/7.3.1/thumb/v6-m/crtend.o
LOAD c:/ac6/systemworkbench/plugins/fr.ac6.mcu.externaltools.arm-none.win32_1.17.0.201812190825/tools/compiler/bin/../lib/gcc/arm-none-eabi/7.3.1/thumb/v6-m/crtn.o
                0x20002000                _estack = 0x20002000
                0x00000200                _Min_Heap_Size = 0x200
                0x00000400                _Min_Stack_Size = 0x400

.isr_vector     0x08000000       0xc0
                0x08000000                . = ALIGN (0x4)
 *(.isr_vector)
 .isr_vector    0x08000000       0xc0 startup/startup_stm32l053xx.o
                0x08000000                g_pfnVectors
                0x080000c0                . = ALIGN (0x4)

.text           0x080000c0     0x38d8
                0x080000c0                . = ALIGN (0x4)
 *(.text)
 .text          0x080000c0       0x48 c:/ac6/systemworkbench/plugins/fr.ac6.mcu.externaltools.arm-none.win32_1.17.0.201812190825/tools/compiler/bin/../lib/gcc/arm-none-eabi/7.3.1/thumb/v6-m/crtbegin.o
 .text          0x08000108      0x114 c:/ac6/systemworkbench/plugins/fr.ac6.mcu.externaltools.arm-none.win32_1.17.0.201812190825/tools/compiler/bin/../lib/gcc/arm-none-eabi/7.3.1/thumb/v6-m\libgcc.a(_udivsi3.o)
                0x08000108                __aeabi_uidiv
                0x08000108                __udivsi3
                0x08000214                __aeabi_uidivmod
 .text          0x0800021c        0x4 c:/ac6/systemworkbench/plugins/fr.ac6.mcu.externaltools.arm-none.win32_1.17.0.201812190825/tools/compiler/bin/../lib/gcc/arm-none-eabi/7.3.1/thumb/v6-m\libgcc.a(_dvmd_tls.o)
                0x0800021c                __aeabi_idiv0
                0x0800021c                __aeabi_ldiv0
 .text          0x08000220       0x40 c:/ac6/systemworkbench/plugins/fr.ac6.mcu.externaltools.arm-none.win32_1.17.0.201812190825/tools/compiler/bin/../lib/gcc/arm-none-eabi/7.3.1/thumb/v6-m\libgcc.a(_aeabi_uldivmod.o)
                0x08000220                __aeabi_uldivmod
 .text          0x08000260      0x184 c:/ac6/systemworkbench/plugins/fr.ac6.mcu.externaltools.arm-none.win32_1.17.0.201812190825/tools/compiler/bin/../lib/gcc/arm-none-eabi/7.3.1/thumb/v6-m\libgcc.a(_udivmoddi4.o)
                0x08000260                __udivmoddi4
 .text          0x080003e4       0x18 c:/ac6/systemworkbench/plugins/fr.ac6.mcu.externaltools.arm-none.win32_1.17.0.201812190825/tools/compiler/bin/../lib/gcc/arm-none-eabi/7.3.1/thumb/v6-m\libgcc.a(_clzdi2.o)
                0x080003e4                __clzdi2
 .text          0x080003fc       0x3c c:/ac6/systemworkbench/plugins/fr.ac6.mcu.externaltools.arm-none.win32_1.17.0.201812190825/tools/compiler/bin/../lib/gcc/arm-none-eabi/7.3.1/thumb/v6-m\libgcc.a(_clzsi2.o)
                0x080003fc                __clzsi2
 *(.text*)
 .text.HAL_InitTick
                0x08000438       0x30 Drivers/STM32L0xx_HAL_Driver/Src/stm32l0xx_hal.o
                0x08000438                HAL_InitTick
 .text.HAL_Init
                0x08000468       0x28 Drivers/STM32L0xx_HAL_Driver/Src/stm32l0xx_hal.o
                0x08000468                HAL_Init
 .text.HAL_IncTick
                0x08000490       0x10 Drivers/STM32L0xx_HAL_Driver/Src/stm32l0xx_hal.o
                0x08000490                HAL_IncTick
 .text.HAL_GetTick
                0x080004a0        0xc Drivers/STM32L0xx_HAL_Driver/Src/stm32l0xx_hal.o
                0x080004a0                HAL_GetTick
 .text.HAL_Delay
                0x080004ac       0x1c Drivers/STM32L0xx_HAL_Driver/Src/stm32l0xx_hal.o
                0x080004ac                HAL_Delay
 .text.HAL_NVIC_SetPriority
                0x080004c8       0x60 Drivers/STM32L0xx_HAL_Driver/Src/stm32l0xx_hal_cortex.o
                0x080004c8                HAL_NVIC_SetPriority
 .text.HAL_NVIC_EnableIRQ
                0x08000528       0x14 Drivers/STM32L0xx_HAL_Driver/Src/stm32l0xx_hal_cortex.o
                0x08000528                HAL_NVIC_EnableIRQ
 .text.HAL_SYSTICK_Config
                0x0800053c       0x38 Drivers/STM32L0xx_HAL_Driver/Src/stm32l0xx_hal_cortex.o
                0x0800053c                HAL_SYSTICK_Config
 .text.HAL_GPIO_Init
                0x08000574      0x18c Drivers/STM32L0xx_HAL_Driver/Src/stm32l0xx_hal_gpio.o
                0x08000574                HAL_GPIO_Init
 .text.HAL_GPIO_DeInit
                0x08000700      0x108 Drivers/STM32L0xx_HAL_Driver/Src/stm32l0xx_hal_gpio.o
                0x08000700                HAL_GPIO_DeInit
 .text.HAL_GPIO_ReadPin
                0x08000808        0xe Drivers/STM32L0xx_HAL_Driver/Src/stm32l0xx_hal_gpio.o
                0x08000808                HAL_GPIO_ReadPin
 .text.HAL_GPIO_WritePin
                0x08000816        0xc Drivers/STM32L0xx_HAL_Driver/Src/stm32l0xx_hal_gpio.o
                0x08000816                HAL_GPIO_WritePin
 *fill*         0x08000822        0x2 
 .text.HAL_RCC_GetSysClockFreq
                0x08000824       0xb0 Drivers/STM32L0xx_HAL_Driver/Src/stm32l0xx_hal_rcc.o
                0x08000824                HAL_RCC_GetSysClockFreq
 .text.HAL_RCC_OscConfig
                0x080008d4      0x57c Drivers/STM32L0xx_HAL_Driver/Src/stm32l0xx_hal_rcc.o
                0x080008d4                HAL_RCC_OscConfig
 .text.HAL_RCC_ClockConfig
                0x08000e50      0x1a8 Drivers/STM32L0xx_HAL_Driver/Src/stm32l0xx_hal_rcc.o
                0x08000e50                HAL_RCC_ClockConfig
 .text.HAL_RCC_GetHCLKFreq
                0x08000ff8        0xc Drivers/STM32L0xx_HAL_Driver/Src/stm32l0xx_hal_rcc.o
                0x08000ff8                HAL_RCC_GetHCLKFreq
 .text.HAL_RCC_GetPCLK1Freq
                0x08001004       0x20 Drivers/STM32L0xx_HAL_Driver/Src/stm32l0xx_hal_rcc.o
                0x08001004                HAL_RCC_GetPCLK1Freq
 .text.HAL_RCC_GetPCLK2Freq
                0x08001024       0x20 Drivers/STM32L0xx_HAL_Driver/Src/stm32l0xx_hal_rcc.o
                0x08001024                HAL_RCC_GetPCLK2Freq
 .text.HAL_RCCEx_PeriphCLKConfig
                0x08001044      0x1fc Drivers/STM32L0xx_HAL_Driver/Src/stm32l0xx_hal_rcc_ex.o
                0x08001044                HAL_RCCEx_PeriphCLKConfig
 .text.SPI_WaitFlagStateUntilTimeout
                0x08001240       0x9c Drivers/STM32L0xx_HAL_Driver/Src/stm32l0xx_hal_spi.o
 .text.SPI_EndRxTxTransaction
                0x080012dc       0x5a Drivers/STM32L0xx_HAL_Driver/Src/stm32l0xx_hal_spi.o
 .text.HAL_SPI_MspInit
                0x08001336        0x2 Drivers/STM32L0xx_HAL_Driver/Src/stm32l0xx_hal_spi.o
                0x08001336                HAL_SPI_MspInit
 .text.HAL_SPI_Init
                0x08001338       0x88 Drivers/STM32L0xx_HAL_Driver/Src/stm32l0xx_hal_spi.o
                0x08001338                HAL_SPI_Init
 .text.HAL_SPI_TransmitReceive
                0x080013c0      0x22c Drivers/STM32L0xx_HAL_Driver/Src/stm32l0xx_hal_spi.o
                0x080013c0                HAL_SPI_TransmitReceive
 .text.HAL_SPI_GetState
                0x080015ec        0x8 Drivers/STM32L0xx_HAL_Driver/Src/stm32l0xx_hal_spi.o
                0x080015ec                HAL_SPI_GetState
 .text.UART_SetConfig
                0x080015f4      0x368 Drivers/STM32L0xx_HAL_Driver/Src/stm32l0xx_hal_uart.o
                0x080015f4                UART_SetConfig
 .text.UART_AdvFeatureConfig
                0x0800195c       0xe0 Drivers/STM32L0xx_HAL_Driver/Src/stm32l0xx_hal_uart.o
                0x0800195c                UART_AdvFeatureConfig
 .text.UART_WaitOnFlagUntilTimeout
                0x08001a3c       0x68 Drivers/STM32L0xx_HAL_Driver/Src/stm32l0xx_hal_uart.o
                0x08001a3c                UART_WaitOnFlagUntilTimeout
 .text.HAL_UART_Transmit
                0x08001aa4       0xec Drivers/STM32L0xx_HAL_Driver/Src/stm32l0xx_hal_uart.o
                0x08001aa4                HAL_UART_Transmit
 .text.UART_CheckIdleState
                0x08001b90       0x6c Drivers/STM32L0xx_HAL_Driver/Src/stm32l0xx_hal_uart.o
                0x08001b90                UART_CheckIdleState
 .text.HAL_UART_Init
                0x08001bfc       0x6c Drivers/STM32L0xx_HAL_Driver/Src/stm32l0xx_hal_uart.o
                0x08001bfc                HAL_UART_Init
 .text.aci_gap_init_IDB05A1
                0x08001c68       0x6e Middlewares/ST/BlueNRG-MS/hci/controller/bluenrg_gap_aci.o
                0x08001c68                aci_gap_init_IDB05A1
 .text.aci_gap_set_auth_requirement
                0x08001cd6       0x8c Middlewares/ST/BlueNRG-MS/hci/controller/bluenrg_gap_aci.o
                0x08001cd6                aci_gap_set_auth_requirement
 .text.aci_gap_start_general_discovery_proc
                0x08001d62       0x42 Middlewares/ST/BlueNRG-MS/hci/controller/bluenrg_gap_aci.o
                0x08001d62                aci_gap_start_general_discovery_proc
 .text.aci_gatt_init
                0x08001da4       0x3c Middlewares/ST/BlueNRG-MS/hci/controller/bluenrg_gatt_aci.o
                0x08001da4                aci_gatt_init
 .text.aci_hal_write_config_data
                0x08001de0       0x5a Middlewares/ST/BlueNRG-MS/hci/controller/bluenrg_hal_aci.o
                0x08001de0                aci_hal_write_config_data
 .text.hci_reset
                0x08001e3a       0x38 Middlewares/ST/BlueNRG-MS/hci/hci_le.o
                0x08001e3a                hci_reset
 .text.verify_packet
                0x08001e72       0x1e Middlewares/ST/BlueNRG-MS/hci/hci_tl_patterns/Basic/hci_tl.o
 .text.send_cmd
                0x08001e90       0x48 Middlewares/ST/BlueNRG-MS/hci/hci_tl_patterns/Basic/hci_tl.o
 .text.free_event_list
                0x08001ed8       0x2c Middlewares/ST/BlueNRG-MS/hci/hci_tl_patterns/Basic/hci_tl.o
 .text.move_list
                0x08001f04       0x28 Middlewares/ST/BlueNRG-MS/hci/hci_tl_patterns/Basic/hci_tl.o
 .text.hci_init
                0x08001f2c       0x5c Middlewares/ST/BlueNRG-MS/hci/hci_tl_patterns/Basic/hci_tl.o
                0x08001f2c                hci_init
 .text.hci_register_io_bus
                0x08001f88       0x1c Middlewares/ST/BlueNRG-MS/hci/hci_tl_patterns/Basic/hci_tl.o
                0x08001f88                hci_register_io_bus
 .text.hci_send_req
                0x08001fa4      0x15c Middlewares/ST/BlueNRG-MS/hci/hci_tl_patterns/Basic/hci_tl.o
                0x08001fa4                hci_send_req
 .text.hci_user_evt_proc
                0x08002100       0x44 Middlewares/ST/BlueNRG-MS/hci/hci_tl_patterns/Basic/hci_tl.o
                0x08002100                hci_user_evt_proc
 .text.hci_notify_asynch_evt
                0x08002144       0x70 Middlewares/ST/BlueNRG-MS/hci/hci_tl_patterns/Basic/hci_tl.o
                0x08002144                hci_notify_asynch_evt
 .text.list_init_head
                0x080021b4        0x6 Middlewares/ST/BlueNRG-MS/utils/ble_list.o
                0x080021b4                list_init_head
 .text.list_is_empty
                0x080021ba       0x18 Middlewares/ST/BlueNRG-MS/utils/ble_list.o
                0x080021ba                list_is_empty
 .text.list_insert_head
                0x080021d2       0x18 Middlewares/ST/BlueNRG-MS/utils/ble_list.o
                0x080021d2                list_insert_head
 .text.list_insert_tail
                0x080021ea       0x18 Middlewares/ST/BlueNRG-MS/utils/ble_list.o
                0x080021ea                list_insert_tail
 .text.list_remove_node
                0x08002202       0x18 Middlewares/ST/BlueNRG-MS/utils/ble_list.o
                0x08002202                list_remove_node
 .text.list_remove_head
                0x0800221a       0x24 Middlewares/ST/BlueNRG-MS/utils/ble_list.o
                0x0800221a                list_remove_head
 .text.list_remove_tail
                0x0800223e       0x24 Middlewares/ST/BlueNRG-MS/utils/ble_list.o
                0x0800223e                list_remove_tail
 .text.list_get_size
                0x08002262       0x1c Middlewares/ST/BlueNRG-MS/utils/ble_list.o
                0x08002262                list_get_size
 *fill*         0x0800227e        0x2 
 .text.MX_BlueNRG_MS_Init
                0x08002280       0x64 Src/app_x-cube-ble1.o
                0x08002280                MX_BlueNRG_MS_Init
 .text.MX_BlueNRG_MS_Process
                0x080022e4       0x1c Src/app_x-cube-ble1.o
                0x080022e4                MX_BlueNRG_MS_Process
 .text.receiveData
                0x08002300       0x88 Src/app_x-cube-ble1.o
                0x08002300                receiveData
 .text.user_notify
                0x08002388       0x26 Src/app_x-cube-ble1.o
                0x08002388                user_notify
 *fill*         0x080023ae        0x2 
 .text.MX_GPIO_Init
                0x080023b0       0xa0 Src/gpio.o
                0x080023b0                MX_GPIO_Init
 .text.HCI_TL_SPI_Init
                0x08002450       0x64 Src/hci_tl_interface.o
                0x08002450                HCI_TL_SPI_Init
 .text.HCI_TL_SPI_DeInit
                0x080024b4       0x24 Src/hci_tl_interface.o
                0x080024b4                HCI_TL_SPI_DeInit
 .text.HCI_TL_SPI_Reset
                0x080024d8       0x2e Src/hci_tl_interface.o
                0x080024d8                HCI_TL_SPI_Reset
 .text.HCI_TL_SPI_Receive
                0x08002506       0x8c Src/hci_tl_interface.o
                0x08002506                HCI_TL_SPI_Receive
 *fill*         0x08002592        0x2 
 .text.HCI_TL_SPI_Send
                0x08002594       0x88 Src/hci_tl_interface.o
                0x08002594                HCI_TL_SPI_Send
 .text.IsDataAvailable
                0x0800261c       0x14 Src/hci_tl_interface.o
 .text.hci_tl_lowlevel_isr
                0x08002630       0x14 Src/hci_tl_interface.o
                0x08002630                hci_tl_lowlevel_isr
 .text.hci_tl_lowlevel_init
                0x08002644       0x6c Src/hci_tl_interface.o
                0x08002644                hci_tl_lowlevel_init
 .text.SystemClock_Config
                0x080026b0       0x74 Src/main.o
                0x080026b0                SystemClock_Config
 .text.main     0x08002724       0x1c Src/main.o
                0x08002724                main
 .text.__io_putchar
                0x08002740       0x20 Src/main.o
                0x08002740                __io_putchar
 .text.Error_Handler
                0x08002760        0x2 Src/main.o
                0x08002760                Error_Handler
 .text.HAL_EXTI_RegisterCallback
                0x08002762        0xe Src/stm32l0xx_hal_exti.o
                0x08002762                HAL_EXTI_RegisterCallback
 .text.HAL_EXTI_GetHandle
                0x08002770        0xe Src/stm32l0xx_hal_exti.o
                0x08002770                HAL_EXTI_GetHandle
 *fill*         0x0800277e        0x2 
 .text.HAL_EXTI_IRQHandler
                0x08002780       0x28 Src/stm32l0xx_hal_exti.o
                0x08002780                HAL_EXTI_IRQHandler
 .text.HAL_MspInit
                0x080027a8       0x1c Src/stm32l0xx_hal_msp.o
                0x080027a8                HAL_MspInit
 .text.NMI_Handler
                0x080027c4        0x2 Src/stm32l0xx_it.o
                0x080027c4                NMI_Handler
 .text.HardFault_Handler
                0x080027c6        0x2 Src/stm32l0xx_it.o
                0x080027c6                HardFault_Handler
 .text.SVC_Handler
                0x080027c8        0x2 Src/stm32l0xx_it.o
                0x080027c8                SVC_Handler
 .text.PendSV_Handler
                0x080027ca        0x2 Src/stm32l0xx_it.o
                0x080027ca                PendSV_Handler
 .text.SysTick_Handler
                0x080027cc        0x8 Src/stm32l0xx_it.o
                0x080027cc                SysTick_Handler
 .text.EXTI0_1_IRQHandler
                0x080027d4       0x10 Src/stm32l0xx_it.o
                0x080027d4                EXTI0_1_IRQHandler
 .text.SPI1_MspInit
                0x080027e4       0x6c Src/stm32l0xx_nucleo_bus.o
 .text.BSP_SPI1_SendRecv
                0x08002850       0x28 Src/stm32l0xx_nucleo_bus.o
                0x08002850                BSP_SPI1_SendRecv
 .text.BSP_GetTick
                0x08002878        0x8 Src/stm32l0xx_nucleo_bus.o
                0x08002878                BSP_GetTick
 .text.MX_SPI1_Init
                0x08002880       0x38 Src/stm32l0xx_nucleo_bus.o
                0x08002880                MX_SPI1_Init
 .text.BSP_SPI1_Init
                0x080028b8       0x4c Src/stm32l0xx_nucleo_bus.o
                0x080028b8                BSP_SPI1_Init
 .text._read    0x08002904       0x1c Src/syscalls.o
                0x08002904                _read
 .text._write   0x08002920       0x1c Src/syscalls.o
                0x08002920                _write
 .text._sbrk    0x0800293c       0x3c Src/syscalls.o
                0x0800293c                _sbrk
 .text._close   0x08002978        0x6 Src/syscalls.o
                0x08002978                _close
 .text._fstat   0x0800297e        0xa Src/syscalls.o
                0x0800297e                _fstat
 .text._isatty  0x08002988        0x4 Src/syscalls.o
                0x08002988                _isatty
 .text._lseek   0x0800298c        0x4 Src/syscalls.o
                0x0800298c                _lseek
 .text.SystemInit
                0x08002990       0x5c Src/system_stm32l0xx.o
                0x08002990                SystemInit
 .text.MX_USART2_UART_Init
                0x080029ec       0x3c Src/usart.o
                0x080029ec                MX_USART2_UART_Init
 .text.HAL_UART_MspInit
                0x08002a28       0x5c Src/usart.o
                0x08002a28                HAL_UART_MspInit
 .text.Reset_Handler
                0x08002a84       0x50 startup/startup_stm32l053xx.o
                0x08002a84                Reset_Handler
 .text.Default_Handler
                0x08002ad4        0x2 startup/startup_stm32l053xx.o
                0x08002ad4                TSC_IRQHandler
                0x08002ad4                ADC1_COMP_IRQHandler
                0x08002ad4                PVD_IRQHandler
                0x08002ad4                I2C1_IRQHandler
                0x08002ad4                RCC_CRS_IRQHandler
                0x08002ad4                SPI1_IRQHandler
                0x08002ad4                TIM6_DAC_IRQHandler
                0x08002ad4                EXTI2_3_IRQHandler
                0x08002ad4                I2C2_IRQHandler
                0x08002ad4                RTC_IRQHandler
                0x08002ad4                LCD_IRQHandler
                0x08002ad4                DMA1_Channel4_5_6_7_IRQHandler
                0x08002ad4                EXTI4_15_IRQHandler
                0x08002ad4                DMA1_Channel1_IRQHandler
                0x08002ad4                Default_Handler
                0x08002ad4                TIM22_IRQHandler
                0x08002ad4                USB_IRQHandler
                0x08002ad4                SPI2_IRQHandler
                0x08002ad4                TIM21_IRQHandler
                0x08002ad4                WWDG_IRQHandler
                0x08002ad4                TIM2_IRQHandler
                0x08002ad4                DMA1_Channel2_3_IRQHandler
                0x08002ad4                USART2_IRQHandler
                0x08002ad4                FLASH_IRQHandler
                0x08002ad4                USART1_IRQHandler
                0x08002ad4                RNG_LPUART1_IRQHandler
                0x08002ad4                LPTIM1_IRQHandler
 *fill*         0x08002ad6        0x2 
 .text.__errno  0x08002ad8        0xc c:/ac6/systemworkbench/plugins/fr.ac6.mcu.externaltools.arm-none.win32_1.17.0.201812190825/tools/compiler/bin/../lib/gcc/arm-none-eabi/7.3.1/../../../../arm-none-eabi/lib/thumb/v6-m\libc_nano.a(lib_a-errno.o)
                0x08002ad8                __errno
 .text.__libc_init_array
                0x08002ae4       0x48 c:/ac6/systemworkbench/plugins/fr.ac6.mcu.externaltools.arm-none.win32_1.17.0.201812190825/tools/compiler/bin/../lib/gcc/arm-none-eabi/7.3.1/../../../../arm-none-eabi/lib/thumb/v6-m\libc_nano.a(lib_a-init.o)
                0x08002ae4                __libc_init_array
 .text.memcpy   0x08002b2c       0x12 c:/ac6/systemworkbench/plugins/fr.ac6.mcu.externaltools.arm-none.win32_1.17.0.201812190825/tools/compiler/bin/../lib/gcc/arm-none-eabi/7.3.1/../../../../arm-none-eabi/lib/thumb/v6-m\libc_nano.a(lib_a-memcpy-stub.o)
                0x08002b2c                memcpy
 .text.memset   0x08002b3e       0x10 c:/ac6/systemworkbench/plugins/fr.ac6.mcu.externaltools.arm-none.win32_1.17.0.201812190825/tools/compiler/bin/../lib/gcc/arm-none-eabi/7.3.1/../../../../arm-none-eabi/lib/thumb/v6-m\libc_nano.a(lib_a-memset.o)
                0x08002b3e                memset
 *fill*         0x08002b4e        0x2 
 .text.printf   0x08002b50       0x34 c:/ac6/systemworkbench/plugins/fr.ac6.mcu.externaltools.arm-none.win32_1.17.0.201812190825/tools/compiler/bin/../lib/gcc/arm-none-eabi/7.3.1/../../../../arm-none-eabi/lib/thumb/v6-m\libc_nano.a(lib_a-printf.o)
                0x08002b50                iprintf
                0x08002b50                printf
 .text.std      0x08002b84       0x48 c:/ac6/systemworkbench/plugins/fr.ac6.mcu.externaltools.arm-none.win32_1.17.0.201812190825/tools/compiler/bin/../lib/gcc/arm-none-eabi/7.3.1/../../../../arm-none-eabi/lib/thumb/v6-m\libc_nano.a(lib_a-findfp.o)
 .text._cleanup_r
                0x08002bcc       0x10 c:/ac6/systemworkbench/plugins/fr.ac6.mcu.externaltools.arm-none.win32_1.17.0.201812190825/tools/compiler/bin/../lib/gcc/arm-none-eabi/7.3.1/../../../../arm-none-eabi/lib/thumb/v6-m\libc_nano.a(lib_a-findfp.o)
                0x08002bcc                _cleanup_r
 .text.__sfmoreglue
                0x08002bdc       0x2c c:/ac6/systemworkbench/plugins/fr.ac6.mcu.externaltools.arm-none.win32_1.17.0.201812190825/tools/compiler/bin/../lib/gcc/arm-none-eabi/7.3.1/../../../../arm-none-eabi/lib/thumb/v6-m\libc_nano.a(lib_a-findfp.o)
                0x08002bdc                __sfmoreglue
 .text.__sinit  0x08002c08       0x68 c:/ac6/systemworkbench/plugins/fr.ac6.mcu.externaltools.arm-none.win32_1.17.0.201812190825/tools/compiler/bin/../lib/gcc/arm-none-eabi/7.3.1/../../../../arm-none-eabi/lib/thumb/v6-m\libc_nano.a(lib_a-findfp.o)
                0x08002c08                __sinit
 .text.__sfp    0x08002c70       0x7c c:/ac6/systemworkbench/plugins/fr.ac6.mcu.externaltools.arm-none.win32_1.17.0.201812190825/tools/compiler/bin/../lib/gcc/arm-none-eabi/7.3.1/../../../../arm-none-eabi/lib/thumb/v6-m\libc_nano.a(lib_a-findfp.o)
                0x08002c70                __sfp
 .text._fwalk_reent
                0x08002cec       0x42 c:/ac6/systemworkbench/plugins/fr.ac6.mcu.externaltools.arm-none.win32_1.17.0.201812190825/tools/compiler/bin/../lib/gcc/arm-none-eabi/7.3.1/../../../../arm-none-eabi/lib/thumb/v6-m\libc_nano.a(lib_a-fwalk.o)
                0x08002cec                _fwalk_reent
 *fill*         0x08002d2e        0x2 
 .text._malloc_r
                0x08002d30       0xbc c:/ac6/systemworkbench/plugins/fr.ac6.mcu.externaltools.arm-none.win32_1.17.0.201812190825/tools/compiler/bin/../lib/gcc/arm-none-eabi/7.3.1/../../../../arm-none-eabi/lib/thumb/v6-m\libc_nano.a(lib_a-nano-mallocr.o)
                0x08002d30                _malloc_r
 .text.__sfputc_r
                0x08002dec       0x2a c:/ac6/systemworkbench/plugins/fr.ac6.mcu.externaltools.arm-none.win32_1.17.0.201812190825/tools/compiler/bin/../lib/gcc/arm-none-eabi/7.3.1/../../../../arm-none-eabi/lib/thumb/v6-m\libc_nano.a(lib_a-nano-vfprintf.o)
 .text.__sfputs_r
                0x08002e16       0x24 c:/ac6/systemworkbench/plugins/fr.ac6.mcu.externaltools.arm-none.win32_1.17.0.201812190825/tools/compiler/bin/../lib/gcc/arm-none-eabi/7.3.1/../../../../arm-none-eabi/lib/thumb/v6-m\libc_nano.a(lib_a-nano-vfprintf.o)
                0x08002e16                __sfputs_r
 *fill*         0x08002e3a        0x2 
 .text._vfprintf_r
                0x08002e3c      0x22c c:/ac6/systemworkbench/plugins/fr.ac6.mcu.externaltools.arm-none.win32_1.17.0.201812190825/tools/compiler/bin/../lib/gcc/arm-none-eabi/7.3.1/../../../../arm-none-eabi/lib/thumb/v6-m\libc_nano.a(lib_a-nano-vfprintf.o)
                0x08002e3c                _vfprintf_r
                0x08002e3c                _vfiprintf_r
 .text._printf_common
                0x08003068       0xda c:/ac6/systemworkbench/plugins/fr.ac6.mcu.externaltools.arm-none.win32_1.17.0.201812190825/tools/compiler/bin/../lib/gcc/arm-none-eabi/7.3.1/../../../../arm-none-eabi/lib/thumb/v6-m\libc_nano.a(lib_a-nano-vfprintf_i.o)
                0x08003068                _printf_common
 *fill*         0x08003142        0x2 
 .text._printf_i
                0x08003144      0x210 c:/ac6/systemworkbench/plugins/fr.ac6.mcu.externaltools.arm-none.win32_1.17.0.201812190825/tools/compiler/bin/../lib/gcc/arm-none-eabi/7.3.1/../../../../arm-none-eabi/lib/thumb/v6-m\libc_nano.a(lib_a-nano-vfprintf_i.o)
                0x08003144                _printf_i
 .text._sbrk_r  0x08003354       0x24 c:/ac6/systemworkbench/plugins/fr.ac6.mcu.externaltools.arm-none.win32_1.17.0.201812190825/tools/compiler/bin/../lib/gcc/arm-none-eabi/7.3.1/../../../../arm-none-eabi/lib/thumb/v6-m\libc_nano.a(lib_a-sbrkr.o)
                0x08003354                _sbrk_r
 .text.__sread  0x08003378       0x28 c:/ac6/systemworkbench/plugins/fr.ac6.mcu.externaltools.arm-none.win32_1.17.0.201812190825/tools/compiler/bin/../lib/gcc/arm-none-eabi/7.3.1/../../../../arm-none-eabi/lib/thumb/v6-m\libc_nano.a(lib_a-stdio.o)
                0x08003378                __sread
 .text.__swrite
                0x080033a0       0x38 c:/ac6/systemworkbench/plugins/fr.ac6.mcu.externaltools.arm-none.win32_1.17.0.201812190825/tools/compiler/bin/../lib/gcc/arm-none-eabi/7.3.1/../../../../arm-none-eabi/lib/thumb/v6-m\libc_nano.a(lib_a-stdio.o)
                0x080033a0                __swrite
 .text.__sseek  0x080033d8       0x2c c:/ac6/systemworkbench/plugins/fr.ac6.mcu.externaltools.arm-none.win32_1.17.0.201812190825/tools/compiler/bin/../lib/gcc/arm-none-eabi/7.3.1/../../../../arm-none-eabi/lib/thumb/v6-m\libc_nano.a(lib_a-stdio.o)
                0x080033d8                __sseek
 .text.__sclose
                0x08003404        0xc c:/ac6/systemworkbench/plugins/fr.ac6.mcu.externaltools.arm-none.win32_1.17.0.201812190825/tools/compiler/bin/../lib/gcc/arm-none-eabi/7.3.1/../../../../arm-none-eabi/lib/thumb/v6-m\libc_nano.a(lib_a-stdio.o)
                0x08003404                __sclose
 .text.__swbuf_r
                0x08003410       0xac c:/ac6/systemworkbench/plugins/fr.ac6.mcu.externaltools.arm-none.win32_1.17.0.201812190825/tools/compiler/bin/../lib/gcc/arm-none-eabi/7.3.1/../../../../arm-none-eabi/lib/thumb/v6-m\libc_nano.a(lib_a-wbuf.o)
                0x08003410                __swbuf_r
 .text._write_r
                0x080034bc       0x28 c:/ac6/systemworkbench/plugins/fr.ac6.mcu.externaltools.arm-none.win32_1.17.0.201812190825/tools/compiler/bin/../lib/gcc/arm-none-eabi/7.3.1/../../../../arm-none-eabi/lib/thumb/v6-m\libc_nano.a(lib_a-writer.o)
                0x080034bc                _write_r
 .text.__swsetup_r
                0x080034e4       0xec c:/ac6/systemworkbench/plugins/fr.ac6.mcu.externaltools.arm-none.win32_1.17.0.201812190825/tools/compiler/bin/../lib/gcc/arm-none-eabi/7.3.1/../../../../arm-none-eabi/lib/thumb/v6-m\libc_nano.a(lib_a-wsetup.o)
                0x080034e4                __swsetup_r
 .text._close_r
                0x080035d0       0x24 c:/ac6/systemworkbench/plugins/fr.ac6.mcu.externaltools.arm-none.win32_1.17.0.201812190825/tools/compiler/bin/../lib/gcc/arm-none-eabi/7.3.1/../../../../arm-none-eabi/lib/thumb/v6-m\libc_nano.a(lib_a-closer.o)
                0x080035d0                _close_r
 .text.__sflush_r
                0x080035f4      0x114 c:/ac6/systemworkbench/plugins/fr.ac6.mcu.externaltools.arm-none.win32_1.17.0.201812190825/tools/compiler/bin/../lib/gcc/arm-none-eabi/7.3.1/../../../../arm-none-eabi/lib/thumb/v6-m\libc_nano.a(lib_a-fflush.o)
                0x080035f4                __sflush_r
 .text._fflush_r
                0x08003708       0x58 c:/ac6/systemworkbench/plugins/fr.ac6.mcu.externaltools.arm-none.win32_1.17.0.201812190825/tools/compiler/bin/../lib/gcc/arm-none-eabi/7.3.1/../../../../arm-none-eabi/lib/thumb/v6-m\libc_nano.a(lib_a-fflush.o)
                0x08003708                _fflush_r
 .text._lseek_r
                0x08003760       0x28 c:/ac6/systemworkbench/plugins/fr.ac6.mcu.externaltools.arm-none.win32_1.17.0.201812190825/tools/compiler/bin/../lib/gcc/arm-none-eabi/7.3.1/../../../../arm-none-eabi/lib/thumb/v6-m\libc_nano.a(lib_a-lseekr.o)
                0x08003760                _lseek_r
 .text.__swhatbuf_r
                0x08003788       0x50 c:/ac6/systemworkbench/plugins/fr.ac6.mcu.externaltools.arm-none.win32_1.17.0.201812190825/tools/compiler/bin/../lib/gcc/arm-none-eabi/7.3.1/../../../../arm-none-eabi/lib/thumb/v6-m\libc_nano.a(lib_a-makebuf.o)
                0x08003788                __swhatbuf_r
 .text.__smakebuf_r
                0x080037d8       0x88 c:/ac6/systemworkbench/plugins/fr.ac6.mcu.externaltools.arm-none.win32_1.17.0.201812190825/tools/compiler/bin/../lib/gcc/arm-none-eabi/7.3.1/../../../../arm-none-eabi/lib/thumb/v6-m\libc_nano.a(lib_a-makebuf.o)
                0x080037d8                __smakebuf_r
 .text.memchr   0x08003860       0x16 c:/ac6/systemworkbench/plugins/fr.ac6.mcu.externaltools.arm-none.win32_1.17.0.201812190825/tools/compiler/bin/../lib/gcc/arm-none-eabi/7.3.1/../../../../arm-none-eabi/lib/thumb/v6-m\libc_nano.a(lib_a-memchr-stub.o)
                0x08003860                memchr
 .text.__malloc_lock
                0x08003876        0x2 c:/ac6/systemworkbench/plugins/fr.ac6.mcu.externaltools.arm-none.win32_1.17.0.201812190825/tools/compiler/bin/../lib/gcc/arm-none-eabi/7.3.1/../../../../arm-none-eabi/lib/thumb/v6-m\libc_nano.a(lib_a-mlock.o)
                0x08003876                __malloc_lock
 .text.__malloc_unlock
                0x08003878        0x2 c:/ac6/systemworkbench/plugins/fr.ac6.mcu.externaltools.arm-none.win32_1.17.0.201812190825/tools/compiler/bin/../lib/gcc/arm-none-eabi/7.3.1/../../../../arm-none-eabi/lib/thumb/v6-m\libc_nano.a(lib_a-mlock.o)
                0x08003878                __malloc_unlock
 *fill*         0x0800387a        0x2 
 .text._free_r  0x0800387c       0x94 c:/ac6/systemworkbench/plugins/fr.ac6.mcu.externaltools.arm-none.win32_1.17.0.201812190825/tools/compiler/bin/../lib/gcc/arm-none-eabi/7.3.1/../../../../arm-none-eabi/lib/thumb/v6-m\libc_nano.a(lib_a-nano-freer.o)
                0x0800387c                _free_r
 .text._read_r  0x08003910       0x28 c:/ac6/systemworkbench/plugins/fr.ac6.mcu.externaltools.arm-none.win32_1.17.0.201812190825/tools/compiler/bin/../lib/gcc/arm-none-eabi/7.3.1/../../../../arm-none-eabi/lib/thumb/v6-m\libc_nano.a(lib_a-readr.o)
                0x08003910                _read_r
 .text._fstat_r
                0x08003938       0x24 c:/ac6/systemworkbench/plugins/fr.ac6.mcu.externaltools.arm-none.win32_1.17.0.201812190825/tools/compiler/bin/../lib/gcc/arm-none-eabi/7.3.1/../../../../arm-none-eabi/lib/thumb/v6-m\libc_nano.a(lib_a-fstatr.o)
                0x08003938                _fstat_r
 .text._isatty_r
                0x0800395c       0x24 c:/ac6/systemworkbench/plugins/fr.ac6.mcu.externaltools.arm-none.win32_1.17.0.201812190825/tools/compiler/bin/../lib/gcc/arm-none-eabi/7.3.1/../../../../arm-none-eabi/lib/thumb/v6-m\libc_nano.a(lib_a-isattyr.o)
                0x0800395c                _isatty_r
 *(.glue_7)
 .glue_7        0x08003980        0x0 linker stubs
 *(.glue_7t)
 .glue_7t       0x08003980        0x0 linker stubs
 *(.eh_frame)
 .eh_frame      0x08003980        0x0 c:/ac6/systemworkbench/plugins/fr.ac6.mcu.externaltools.arm-none.win32_1.17.0.201812190825/tools/compiler/bin/../lib/gcc/arm-none-eabi/7.3.1/thumb/v6-m/crtbegin.o
 *(.init)
 .init          0x08003980        0x4 c:/ac6/systemworkbench/plugins/fr.ac6.mcu.externaltools.arm-none.win32_1.17.0.201812190825/tools/compiler/bin/../lib/gcc/arm-none-eabi/7.3.1/thumb/v6-m/crti.o
                0x08003980                _init
 .init          0x08003984        0x8 c:/ac6/systemworkbench/plugins/fr.ac6.mcu.externaltools.arm-none.win32_1.17.0.201812190825/tools/compiler/bin/../lib/gcc/arm-none-eabi/7.3.1/thumb/v6-m/crtn.o
 *(.fini)
 .fini          0x0800398c        0x4 c:/ac6/systemworkbench/plugins/fr.ac6.mcu.externaltools.arm-none.win32_1.17.0.201812190825/tools/compiler/bin/../lib/gcc/arm-none-eabi/7.3.1/thumb/v6-m/crti.o
                0x0800398c                _fini
 .fini          0x08003990        0x8 c:/ac6/systemworkbench/plugins/fr.ac6.mcu.externaltools.arm-none.win32_1.17.0.201812190825/tools/compiler/bin/../lib/gcc/arm-none-eabi/7.3.1/thumb/v6-m/crtn.o
                0x08003998                . = ALIGN (0x4)
                0x08003998                _etext = .

.vfp11_veneer   0x08003998        0x0
 .vfp11_veneer  0x08003998        0x0 linker stubs

.v4_bx          0x08003998        0x0
 .v4_bx         0x08003998        0x0 linker stubs

.iplt           0x08003998        0x0
 .iplt          0x08003998        0x0 c:/ac6/systemworkbench/plugins/fr.ac6.mcu.externaltools.arm-none.win32_1.17.0.201812190825/tools/compiler/bin/../lib/gcc/arm-none-eabi/7.3.1/thumb/v6-m/crtbegin.o

.rodata         0x08003998      0x124
                0x08003998                . = ALIGN (0x4)
 *(.rodata)
 .rodata        0x08003998       0x48 Drivers/STM32L0xx_HAL_Driver/Src/stm32l0xx_hal_uart.o
 .rodata        0x080039e0       0x24 Src/system_stm32l0xx.o
                0x080039e0                PLLMulTable
                0x080039ec                AHBPrescTable
                0x080039fc                APBPrescTable
 *(.rodata*)
 .rodata.str1.4
                0x08003a04       0x20 Src/app_x-cube-ble1.o
                                 0x1f (size before relaxing)
 .rodata._global_impure_ptr
                0x08003a24        0x4 c:/ac6/systemworkbench/plugins/fr.ac6.mcu.externaltools.arm-none.win32_1.17.0.201812190825/tools/compiler/bin/../lib/gcc/arm-none-eabi/7.3.1/../../../../arm-none-eabi/lib/thumb/v6-m\libc_nano.a(lib_a-impure.o)
                0x08003a24                _global_impure_ptr
 .rodata.__sf_fake_stderr
                0x08003a28       0x20 c:/ac6/systemworkbench/plugins/fr.ac6.mcu.externaltools.arm-none.win32_1.17.0.201812190825/tools/compiler/bin/../lib/gcc/arm-none-eabi/7.3.1/../../../../arm-none-eabi/lib/thumb/v6-m\libc_nano.a(lib_a-findfp.o)
                0x08003a28                __sf_fake_stderr
 .rodata.__sf_fake_stdin
                0x08003a48       0x20 c:/ac6/systemworkbench/plugins/fr.ac6.mcu.externaltools.arm-none.win32_1.17.0.201812190825/tools/compiler/bin/../lib/gcc/arm-none-eabi/7.3.1/../../../../arm-none-eabi/lib/thumb/v6-m\libc_nano.a(lib_a-findfp.o)
                0x08003a48                __sf_fake_stdin
 .rodata.__sf_fake_stdout
                0x08003a68       0x20 c:/ac6/systemworkbench/plugins/fr.ac6.mcu.externaltools.arm-none.win32_1.17.0.201812190825/tools/compiler/bin/../lib/gcc/arm-none-eabi/7.3.1/../../../../arm-none-eabi/lib/thumb/v6-m\libc_nano.a(lib_a-findfp.o)
                0x08003a68                __sf_fake_stdout
 .rodata._vfprintf_r.str1.1
                0x08003a88       0x11 c:/ac6/systemworkbench/plugins/fr.ac6.mcu.externaltools.arm-none.win32_1.17.0.201812190825/tools/compiler/bin/../lib/gcc/arm-none-eabi/7.3.1/../../../../arm-none-eabi/lib/thumb/v6-m\libc_nano.a(lib_a-nano-vfprintf.o)
 .rodata._printf_i.str1.1
                0x08003a99       0x22 c:/ac6/systemworkbench/plugins/fr.ac6.mcu.externaltools.arm-none.win32_1.17.0.201812190825/tools/compiler/bin/../lib/gcc/arm-none-eabi/7.3.1/../../../../arm-none-eabi/lib/thumb/v6-m\libc_nano.a(lib_a-nano-vfprintf_i.o)
                0x08003abc                . = ALIGN (0x4)
 *fill*         0x08003abb        0x1 

.ARM.extab
 *(.ARM.extab* .gnu.linkonce.armextab.*)

.ARM            0x08003abc        0x8
                0x08003abc                __exidx_start = .
 *(.ARM.exidx*)
 .ARM.exidx     0x08003abc        0x8 c:/ac6/systemworkbench/plugins/fr.ac6.mcu.externaltools.arm-none.win32_1.17.0.201812190825/tools/compiler/bin/../lib/gcc/arm-none-eabi/7.3.1/thumb/v6-m\libgcc.a(_udivmoddi4.o)
                0x08003ac4                __exidx_end = .

.rel.dyn        0x08003ac4        0x0
 .rel.iplt      0x08003ac4        0x0 c:/ac6/systemworkbench/plugins/fr.ac6.mcu.externaltools.arm-none.win32_1.17.0.201812190825/tools/compiler/bin/../lib/gcc/arm-none-eabi/7.3.1/thumb/v6-m/crtbegin.o

.preinit_array  0x08003ac4        0x0
                0x08003ac4                PROVIDE (__preinit_array_start = .)
 *(.preinit_array*)
                0x08003ac4                PROVIDE (__preinit_array_end = .)

.init_array     0x08003ac4        0x4
                0x08003ac4                PROVIDE (__init_array_start = .)
 *(SORT_BY_NAME(.init_array.*))
 *(.init_array*)
 .init_array    0x08003ac4        0x4 c:/ac6/systemworkbench/plugins/fr.ac6.mcu.externaltools.arm-none.win32_1.17.0.201812190825/tools/compiler/bin/../lib/gcc/arm-none-eabi/7.3.1/thumb/v6-m/crtbegin.o
                0x08003ac8                PROVIDE (__init_array_end = .)

.fini_array     0x08003ac8        0x4
                [!provide]                PROVIDE (__fini_array_start = .)
 *(SORT_BY_NAME(.fini_array.*))
 *(.fini_array*)
 .fini_array    0x08003ac8        0x4 c:/ac6/systemworkbench/plugins/fr.ac6.mcu.externaltools.arm-none.win32_1.17.0.201812190825/tools/compiler/bin/../lib/gcc/arm-none-eabi/7.3.1/thumb/v6-m/crtbegin.o
                [!provide]                PROVIDE (__fini_array_end = .)
                0x08003acc                _sidata = LOADADDR (.data)

.data           0x20000000       0x68 load address 0x08003acc
                0x20000000                . = ALIGN (0x4)
                0x20000000                _sdata = .
 *(.data)
 .data          0x20000000        0x4 Src/system_stm32l0xx.o
                0x20000000                SystemCoreClock
 *(.data*)
 .data._impure_ptr
                0x20000004        0x4 c:/ac6/systemworkbench/plugins/fr.ac6.mcu.externaltools.arm-none.win32_1.17.0.201812190825/tools/compiler/bin/../lib/gcc/arm-none-eabi/7.3.1/../../../../arm-none-eabi/lib/thumb/v6-m\libc_nano.a(lib_a-impure.o)
                0x20000004                _impure_ptr
 .data.impure_data
                0x20000008       0x60 c:/ac6/systemworkbench/plugins/fr.ac6.mcu.externaltools.arm-none.win32_1.17.0.201812190825/tools/compiler/bin/../lib/gcc/arm-none-eabi/7.3.1/../../../../arm-none-eabi/lib/thumb/v6-m\libc_nano.a(lib_a-impure.o)
                0x20000068                . = ALIGN (0x4)
                0x20000068                _edata = .

.igot.plt       0x20000068        0x0 load address 0x08003b34
 .igot.plt      0x20000068        0x0 c:/ac6/systemworkbench/plugins/fr.ac6.mcu.externaltools.arm-none.win32_1.17.0.201812190825/tools/compiler/bin/../lib/gcc/arm-none-eabi/7.3.1/thumb/v6-m/crtbegin.o
                0x20000068                . = ALIGN (0x4)

.bss            0x20000068      0x544 load address 0x08003b34
                0x20000068                _sbss = .
                0x20000068                __bss_start__ = _sbss
 *(.bss)
 .bss           0x20000068       0x1c c:/ac6/systemworkbench/plugins/fr.ac6.mcu.externaltools.arm-none.win32_1.17.0.201812190825/tools/compiler/bin/../lib/gcc/arm-none-eabi/7.3.1/thumb/v6-m/crtbegin.o
 .bss           0x20000084      0x2dc Middlewares/ST/BlueNRG-MS/hci/hci_tl_patterns/Basic/hci_tl.o
 .bss           0x20000360       0xff Src/hci_tl_interface.o
 *fill*         0x2000045f        0x1 
 .bss           0x20000460        0x4 Src/stm32l0xx_nucleo_bus.o
 .bss           0x20000464        0x8 Src/syscalls.o
                0x20000468                __env
 *(.bss*)
 .bss.__malloc_free_list
                0x2000046c        0x4 c:/ac6/systemworkbench/plugins/fr.ac6.mcu.externaltools.arm-none.win32_1.17.0.201812190825/tools/compiler/bin/../lib/gcc/arm-none-eabi/7.3.1/../../../../arm-none-eabi/lib/thumb/v6-m\libc_nano.a(lib_a-nano-mallocr.o)
                0x2000046c                __malloc_free_list
 .bss.__malloc_sbrk_start
                0x20000470        0x4 c:/ac6/systemworkbench/plugins/fr.ac6.mcu.externaltools.arm-none.win32_1.17.0.201812190825/tools/compiler/bin/../lib/gcc/arm-none-eabi/7.3.1/../../../../arm-none-eabi/lib/thumb/v6-m\libc_nano.a(lib_a-nano-mallocr.o)
                0x20000470                __malloc_sbrk_start
 *(COMMON)
 COMMON         0x20000474        0x4 Drivers/STM32L0xx_HAL_Driver/Src/stm32l0xx_hal.o
                0x20000474                uwTick
 COMMON         0x20000478       0x10 Middlewares/ST/BlueNRG-MS/hci/hci_tl_patterns/Basic/hci_tl.o
                0x20000478                hciReadPktPool
                0x20000480                hciReadPktRxQueue
 COMMON         0x20000488       0x3e Src/app_x-cube-ble1.o
                0x20000488                RSSI
                0x200004a8                rcv_data
 *fill*         0x200004c6        0x2 
 COMMON         0x200004c8        0x8 Src/hci_tl_interface.o
                0x200004c8                hexti0
 COMMON         0x200004d0       0x58 Src/stm32l0xx_nucleo_bus.o
                0x200004d0                hspi1
 COMMON         0x20000528       0x80 Src/usart.o
                0x20000528                huart2
 COMMON         0x200005a8        0x4 c:/ac6/systemworkbench/plugins/fr.ac6.mcu.externaltools.arm-none.win32_1.17.0.201812190825/tools/compiler/bin/../lib/gcc/arm-none-eabi/7.3.1/../../../../arm-none-eabi/lib/thumb/v6-m\libc_nano.a(lib_a-reent.o)
                0x200005a8                errno
                0x200005ac                . = ALIGN (0x4)
                0x200005ac                _ebss = .
                0x200005ac                __bss_end__ = _ebss

._user_heap_stack
                0x200005ac      0x604 load address 0x08003b34
                0x200005b0                . = ALIGN (0x8)
 *fill*         0x200005ac        0x4 
                0x200005b0                PROVIDE (end = .)
                [!provide]                PROVIDE (_end = .)
                0x200007b0                . = (. + _Min_Heap_Size)
 *fill*         0x200005b0      0x200 
                0x20000bb0                . = (. + _Min_Stack_Size)
 *fill*         0x200007b0      0x400 
                0x20000bb0                . = ALIGN (0x8)

/DISCARD/
 libc.a(*)
 libm.a(*)
 libgcc.a(*)

.ARM.attributes
                0x00000000       0x28
 *(.ARM.attributes)
 .ARM.attributes
                0x00000000       0x1e c:/ac6/systemworkbench/plugins/fr.ac6.mcu.externaltools.arm-none.win32_1.17.0.201812190825/tools/compiler/bin/../lib/gcc/arm-none-eabi/7.3.1/thumb/v6-m/crti.o
 .ARM.attributes
                0x0000001e       0x2c c:/ac6/systemworkbench/plugins/fr.ac6.mcu.externaltools.arm-none.win32_1.17.0.201812190825/tools/compiler/bin/../lib/gcc/arm-none-eabi/7.3.1/thumb/v6-m/crtbegin.o
 .ARM.attributes
                0x0000004a       0x32 Drivers/STM32L0xx_HAL_Driver/Src/stm32l0xx_hal.o
 .ARM.attributes
                0x0000007c       0x32 Drivers/STM32L0xx_HAL_Driver/Src/stm32l0xx_hal_cortex.o
 .ARM.attributes
                0x000000ae       0x32 Drivers/STM32L0xx_HAL_Driver/Src/stm32l0xx_hal_gpio.o
 .ARM.attributes
                0x000000e0       0x32 Drivers/STM32L0xx_HAL_Driver/Src/stm32l0xx_hal_rcc.o
 .ARM.attributes
                0x00000112       0x32 Drivers/STM32L0xx_HAL_Driver/Src/stm32l0xx_hal_rcc_ex.o
 .ARM.attributes
                0x00000144       0x32 Drivers/STM32L0xx_HAL_Driver/Src/stm32l0xx_hal_spi.o
 .ARM.attributes
                0x00000176       0x32 Drivers/STM32L0xx_HAL_Driver/Src/stm32l0xx_hal_uart.o
 .ARM.attributes
                0x000001a8       0x32 Middlewares/ST/BlueNRG-MS/hci/controller/bluenrg_gap_aci.o
 .ARM.attributes
                0x000001da       0x32 Middlewares/ST/BlueNRG-MS/hci/controller/bluenrg_gatt_aci.o
 .ARM.attributes
                0x0000020c       0x32 Middlewares/ST/BlueNRG-MS/hci/controller/bluenrg_hal_aci.o
 .ARM.attributes
                0x0000023e       0x32 Middlewares/ST/BlueNRG-MS/hci/hci_le.o
 .ARM.attributes
                0x00000270       0x32 Middlewares/ST/BlueNRG-MS/hci/hci_tl_patterns/Basic/hci_tl.o
 .ARM.attributes
                0x000002a2       0x32 Middlewares/ST/BlueNRG-MS/utils/ble_list.o
 .ARM.attributes
                0x000002d4       0x32 Src/app_x-cube-ble1.o
 .ARM.attributes
                0x00000306       0x32 Src/gpio.o
 .ARM.attributes
                0x00000338       0x32 Src/hci_tl_interface.o
 .ARM.attributes
                0x0000036a       0x32 Src/main.o
 .ARM.attributes
                0x0000039c       0x32 Src/stm32l0xx_hal_exti.o
 .ARM.attributes
                0x000003ce       0x32 Src/stm32l0xx_hal_msp.o
 .ARM.attributes
                0x00000400       0x32 Src/stm32l0xx_it.o
 .ARM.attributes
                0x00000432       0x32 Src/stm32l0xx_nucleo_bus.o
 .ARM.attributes
                0x00000464       0x32 Src/syscalls.o
 .ARM.attributes
                0x00000496       0x32 Src/system_stm32l0xx.o
 .ARM.attributes
                0x000004c8       0x32 Src/usart.o
 .ARM.attributes
                0x000004fa       0x22 startup/startup_stm32l053xx.o
 .ARM.attributes
                0x0000051c       0x1e c:/ac6/systemworkbench/plugins/fr.ac6.mcu.externaltools.arm-none.win32_1.17.0.201812190825/tools/compiler/bin/../lib/gcc/arm-none-eabi/7.3.1/thumb/v6-m\libgcc.a(_udivsi3.o)
 .ARM.attributes
                0x0000053a       0x1e c:/ac6/systemworkbench/plugins/fr.ac6.mcu.externaltools.arm-none.win32_1.17.0.201812190825/tools/compiler/bin/../lib/gcc/arm-none-eabi/7.3.1/thumb/v6-m\libgcc.a(_dvmd_tls.o)
 .ARM.attributes
                0x00000558       0x1e c:/ac6/systemworkbench/plugins/fr.ac6.mcu.externaltools.arm-none.win32_1.17.0.201812190825/tools/compiler/bin/../lib/gcc/arm-none-eabi/7.3.1/thumb/v6-m\libgcc.a(_aeabi_uldivmod.o)
 .ARM.attributes
                0x00000576       0x2c c:/ac6/systemworkbench/plugins/fr.ac6.mcu.externaltools.arm-none.win32_1.17.0.201812190825/tools/compiler/bin/../lib/gcc/arm-none-eabi/7.3.1/thumb/v6-m\libgcc.a(_udivmoddi4.o)
 .ARM.attributes
                0x000005a2       0x1e c:/ac6/systemworkbench/plugins/fr.ac6.mcu.externaltools.arm-none.win32_1.17.0.201812190825/tools/compiler/bin/../lib/gcc/arm-none-eabi/7.3.1/thumb/v6-m\libgcc.a(_clzdi2.o)
 .ARM.attributes
                0x000005c0       0x1e c:/ac6/systemworkbench/plugins/fr.ac6.mcu.externaltools.arm-none.win32_1.17.0.201812190825/tools/compiler/bin/../lib/gcc/arm-none-eabi/7.3.1/thumb/v6-m\libgcc.a(_clzsi2.o)
 .ARM.attributes
                0x000005de       0x2c c:/ac6/systemworkbench/plugins/fr.ac6.mcu.externaltools.arm-none.win32_1.17.0.201812190825/tools/compiler/bin/../lib/gcc/arm-none-eabi/7.3.1/../../../../arm-none-eabi/lib/thumb/v6-m\libc_nano.a(lib_a-errno.o)
 .ARM.attributes
                0x0000060a       0x2c c:/ac6/systemworkbench/plugins/fr.ac6.mcu.externaltools.arm-none.win32_1.17.0.201812190825/tools/compiler/bin/../lib/gcc/arm-none-eabi/7.3.1/../../../../arm-none-eabi/lib/thumb/v6-m\libc_nano.a(lib_a-impure.o)
 .ARM.attributes
                0x00000636       0x2c c:/ac6/systemworkbench/plugins/fr.ac6.mcu.externaltools.arm-none.win32_1.17.0.201812190825/tools/compiler/bin/../lib/gcc/arm-none-eabi/7.3.1/../../../../arm-none-eabi/lib/thumb/v6-m\libc_nano.a(lib_a-init.o)
 .ARM.attributes
                0x00000662       0x2c c:/ac6/systemworkbench/plugins/fr.ac6.mcu.externaltools.arm-none.win32_1.17.0.201812190825/tools/compiler/bin/../lib/gcc/arm-none-eabi/7.3.1/../../../../arm-none-eabi/lib/thumb/v6-m\libc_nano.a(lib_a-memcpy-stub.o)
 .ARM.attributes
                0x0000068e       0x2c c:/ac6/systemworkbench/plugins/fr.ac6.mcu.externaltools.arm-none.win32_1.17.0.201812190825/tools/compiler/bin/../lib/gcc/arm-none-eabi/7.3.1/../../../../arm-none-eabi/lib/thumb/v6-m\libc_nano.a(lib_a-memset.o)
 .ARM.attributes
                0x000006ba       0x2c c:/ac6/systemworkbench/plugins/fr.ac6.mcu.externaltools.arm-none.win32_1.17.0.201812190825/tools/compiler/bin/../lib/gcc/arm-none-eabi/7.3.1/../../../../arm-none-eabi/lib/thumb/v6-m\libc_nano.a(lib_a-printf.o)
 .ARM.attributes
                0x000006e6       0x2c c:/ac6/systemworkbench/plugins/fr.ac6.mcu.externaltools.arm-none.win32_1.17.0.201812190825/tools/compiler/bin/../lib/gcc/arm-none-eabi/7.3.1/../../../../arm-none-eabi/lib/thumb/v6-m\libc_nano.a(lib_a-findfp.o)
 .ARM.attributes
                0x00000712       0x2c c:/ac6/systemworkbench/plugins/fr.ac6.mcu.externaltools.arm-none.win32_1.17.0.201812190825/tools/compiler/bin/../lib/gcc/arm-none-eabi/7.3.1/../../../../arm-none-eabi/lib/thumb/v6-m\libc_nano.a(lib_a-fwalk.o)
 .ARM.attributes
                0x0000073e       0x2c c:/ac6/systemworkbench/plugins/fr.ac6.mcu.externaltools.arm-none.win32_1.17.0.201812190825/tools/compiler/bin/../lib/gcc/arm-none-eabi/7.3.1/../../../../arm-none-eabi/lib/thumb/v6-m\libc_nano.a(lib_a-nano-mallocr.o)
 .ARM.attributes
                0x0000076a       0x2c c:/ac6/systemworkbench/plugins/fr.ac6.mcu.externaltools.arm-none.win32_1.17.0.201812190825/tools/compiler/bin/../lib/gcc/arm-none-eabi/7.3.1/../../../../arm-none-eabi/lib/thumb/v6-m\libc_nano.a(lib_a-nano-vfprintf.o)
 .ARM.attributes
                0x00000796       0x2c c:/ac6/systemworkbench/plugins/fr.ac6.mcu.externaltools.arm-none.win32_1.17.0.201812190825/tools/compiler/bin/../lib/gcc/arm-none-eabi/7.3.1/../../../../arm-none-eabi/lib/thumb/v6-m\libc_nano.a(lib_a-nano-vfprintf_i.o)
 .ARM.attributes
                0x000007c2       0x2c c:/ac6/systemworkbench/plugins/fr.ac6.mcu.externaltools.arm-none.win32_1.17.0.201812190825/tools/compiler/bin/../lib/gcc/arm-none-eabi/7.3.1/../../../../arm-none-eabi/lib/thumb/v6-m\libc_nano.a(lib_a-sbrkr.o)
 .ARM.attributes
                0x000007ee       0x2c c:/ac6/systemworkbench/plugins/fr.ac6.mcu.externaltools.arm-none.win32_1.17.0.201812190825/tools/compiler/bin/../lib/gcc/arm-none-eabi/7.3.1/../../../../arm-none-eabi/lib/thumb/v6-m\libc_nano.a(lib_a-stdio.o)
 .ARM.attributes
                0x0000081a       0x2c c:/ac6/systemworkbench/plugins/fr.ac6.mcu.externaltools.arm-none.win32_1.17.0.201812190825/tools/compiler/bin/../lib/gcc/arm-none-eabi/7.3.1/../../../../arm-none-eabi/lib/thumb/v6-m\libc_nano.a(lib_a-wbuf.o)
 .ARM.attributes
                0x00000846       0x2c c:/ac6/systemworkbench/plugins/fr.ac6.mcu.externaltools.arm-none.win32_1.17.0.201812190825/tools/compiler/bin/../lib/gcc/arm-none-eabi/7.3.1/../../../../arm-none-eabi/lib/thumb/v6-m\libc_nano.a(lib_a-writer.o)
 .ARM.attributes
                0x00000872       0x2c c:/ac6/systemworkbench/plugins/fr.ac6.mcu.externaltools.arm-none.win32_1.17.0.201812190825/tools/compiler/bin/../lib/gcc/arm-none-eabi/7.3.1/../../../../arm-none-eabi/lib/thumb/v6-m\libc_nano.a(lib_a-wsetup.o)
 .ARM.attributes
                0x0000089e       0x2c c:/ac6/systemworkbench/plugins/fr.ac6.mcu.externaltools.arm-none.win32_1.17.0.201812190825/tools/compiler/bin/../lib/gcc/arm-none-eabi/7.3.1/../../../../arm-none-eabi/lib/thumb/v6-m\libc_nano.a(lib_a-closer.o)
 .ARM.attributes
                0x000008ca       0x2c c:/ac6/systemworkbench/plugins/fr.ac6.mcu.externaltools.arm-none.win32_1.17.0.201812190825/tools/compiler/bin/../lib/gcc/arm-none-eabi/7.3.1/../../../../arm-none-eabi/lib/thumb/v6-m\libc_nano.a(lib_a-fflush.o)
 .ARM.attributes
                0x000008f6       0x2c c:/ac6/systemworkbench/plugins/fr.ac6.mcu.externaltools.arm-none.win32_1.17.0.201812190825/tools/compiler/bin/../lib/gcc/arm-none-eabi/7.3.1/../../../../arm-none-eabi/lib/thumb/v6-m\libc_nano.a(lib_a-lseekr.o)
 .ARM.attributes
                0x00000922       0x2c c:/ac6/systemworkbench/plugins/fr.ac6.mcu.externaltools.arm-none.win32_1.17.0.201812190825/tools/compiler/bin/../lib/gcc/arm-none-eabi/7.3.1/../../../../arm-none-eabi/lib/thumb/v6-m\libc_nano.a(lib_a-makebuf.o)
 .ARM.attributes
                0x0000094e       0x2c c:/ac6/systemworkbench/plugins/fr.ac6.mcu.externaltools.arm-none.win32_1.17.0.201812190825/tools/compiler/bin/../lib/gcc/arm-none-eabi/7.3.1/../../../../arm-none-eabi/lib/thumb/v6-m\libc_nano.a(lib_a-memchr-stub.o)
 .ARM.attributes
                0x0000097a       0x2c c:/ac6/systemworkbench/plugins/fr.ac6.mcu.externaltools.arm-none.win32_1.17.0.201812190825/tools/compiler/bin/../lib/gcc/arm-none-eabi/7.3.1/../../../../arm-none-eabi/lib/thumb/v6-m\libc_nano.a(lib_a-mlock.o)
 .ARM.attributes
                0x000009a6       0x2c c:/ac6/systemworkbench/plugins/fr.ac6.mcu.externaltools.arm-none.win32_1.17.0.201812190825/tools/compiler/bin/../lib/gcc/arm-none-eabi/7.3.1/../../../../arm-none-eabi/lib/thumb/v6-m\libc_nano.a(lib_a-nano-freer.o)
 .ARM.attributes
                0x000009d2       0x2c c:/ac6/systemworkbench/plugins/fr.ac6.mcu.externaltools.arm-none.win32_1.17.0.201812190825/tools/compiler/bin/../lib/gcc/arm-none-eabi/7.3.1/../../../../arm-none-eabi/lib/thumb/v6-m\libc_nano.a(lib_a-readr.o)
 .ARM.attributes
                0x000009fe       0x2c c:/ac6/systemworkbench/plugins/fr.ac6.mcu.externaltools.arm-none.win32_1.17.0.201812190825/tools/compiler/bin/../lib/gcc/arm-none-eabi/7.3.1/../../../../arm-none-eabi/lib/thumb/v6-m\libc_nano.a(lib_a-reent.o)
 .ARM.attributes
                0x00000a2a       0x2c c:/ac6/systemworkbench/plugins/fr.ac6.mcu.externaltools.arm-none.win32_1.17.0.201812190825/tools/compiler/bin/../lib/gcc/arm-none-eabi/7.3.1/../../../../arm-none-eabi/lib/thumb/v6-m\libc_nano.a(lib_a-fstatr.o)
 .ARM.attributes
                0x00000a56       0x2c c:/ac6/systemworkbench/plugins/fr.ac6.mcu.externaltools.arm-none.win32_1.17.0.201812190825/tools/compiler/bin/../lib/gcc/arm-none-eabi/7.3.1/../../../../arm-none-eabi/lib/thumb/v6-m\libc_nano.a(lib_a-isattyr.o)
 .ARM.attributes
                0x00000a82       0x1e c:/ac6/systemworkbench/plugins/fr.ac6.mcu.externaltools.arm-none.win32_1.17.0.201812190825/tools/compiler/bin/../lib/gcc/arm-none-eabi/7.3.1/thumb/v6-m/crtn.o
OUTPUT(AC6_BLE_Scanner.elf elf32-littlearm)

.debug_info     0x00000000    0x1bdb4
 .debug_info    0x00000000      0x826 Drivers/STM32L0xx_HAL_Driver/Src/stm32l0xx_hal.o
 .debug_info    0x00000826      0x97d Drivers/STM32L0xx_HAL_Driver/Src/stm32l0xx_hal_cortex.o
 .debug_info    0x000011a3      0x6ce Drivers/STM32L0xx_HAL_Driver/Src/stm32l0xx_hal_gpio.o
 .debug_info    0x00001871      0xbeb Drivers/STM32L0xx_HAL_Driver/Src/stm32l0xx_hal_rcc.o
 .debug_info    0x0000245c      0x90b Drivers/STM32L0xx_HAL_Driver/Src/stm32l0xx_hal_rcc_ex.o
 .debug_info    0x00002d67     0x1ba1 Drivers/STM32L0xx_HAL_Driver/Src/stm32l0xx_hal_spi.o
 .debug_info    0x00004908     0x1b21 Drivers/STM32L0xx_HAL_Driver/Src/stm32l0xx_hal_uart.o
 .debug_info    0x00006429     0x390b Middlewares/ST/BlueNRG-MS/hci/controller/bluenrg_gap_aci.o
 .debug_info    0x00009d34     0x3802 Middlewares/ST/BlueNRG-MS/hci/controller/bluenrg_gatt_aci.o
 .debug_info    0x0000d536     0x15b8 Middlewares/ST/BlueNRG-MS/hci/controller/bluenrg_hal_aci.o
 .debug_info    0x0000eaee     0x2a56 Middlewares/ST/BlueNRG-MS/hci/hci_le.o
 .debug_info    0x00011544     0x18db Middlewares/ST/BlueNRG-MS/hci/hci_tl_patterns/Basic/hci_tl.o
 .debug_info    0x00012e1f      0xfbb Middlewares/ST/BlueNRG-MS/utils/ble_list.o
 .debug_info    0x00013dda     0x148a Src/app_x-cube-ble1.o
 .debug_info    0x00015264      0xa73 Src/gpio.o
 .debug_info    0x00015cd7     0x177c Src/hci_tl_interface.o
 .debug_info    0x00017453      0xcd0 Src/main.o
 .debug_info    0x00018123      0x2d1 Src/stm32l0xx_hal_exti.o
 .debug_info    0x000183f4      0x72f Src/stm32l0xx_hal_msp.o
 .debug_info    0x00018b23      0x691 Src/stm32l0xx_it.o
 .debug_info    0x000191b4      0xc22 Src/stm32l0xx_nucleo_bus.o
 .debug_info    0x00019dd6      0xfd3 Src/syscalls.o
 .debug_info    0x0001ada9      0x395 Src/system_stm32l0xx.o
 .debug_info    0x0001b13e      0xc54 Src/usart.o
 .debug_info    0x0001bd92       0x22 startup/startup_stm32l053xx.o

.debug_abbrev   0x00000000     0x36a9
 .debug_abbrev  0x00000000      0x236 Drivers/STM32L0xx_HAL_Driver/Src/stm32l0xx_hal.o
 .debug_abbrev  0x00000236      0x24c Drivers/STM32L0xx_HAL_Driver/Src/stm32l0xx_hal_cortex.o
 .debug_abbrev  0x00000482      0x1cf Drivers/STM32L0xx_HAL_Driver/Src/stm32l0xx_hal_gpio.o
 .debug_abbrev  0x00000651      0x27b Drivers/STM32L0xx_HAL_Driver/Src/stm32l0xx_hal_rcc.o
 .debug_abbrev  0x000008cc      0x1ff Drivers/STM32L0xx_HAL_Driver/Src/stm32l0xx_hal_rcc_ex.o
 .debug_abbrev  0x00000acb      0x26c Drivers/STM32L0xx_HAL_Driver/Src/stm32l0xx_hal_spi.o
 .debug_abbrev  0x00000d37      0x25c Drivers/STM32L0xx_HAL_Driver/Src/stm32l0xx_hal_uart.o
 .debug_abbrev  0x00000f93      0x2c9 Middlewares/ST/BlueNRG-MS/hci/controller/bluenrg_gap_aci.o
 .debug_abbrev  0x0000125c      0x2dd Middlewares/ST/BlueNRG-MS/hci/controller/bluenrg_gatt_aci.o
 .debug_abbrev  0x00001539      0x28b Middlewares/ST/BlueNRG-MS/hci/controller/bluenrg_hal_aci.o
 .debug_abbrev  0x000017c4      0x2ba Middlewares/ST/BlueNRG-MS/hci/hci_le.o
 .debug_abbrev  0x00001a7e      0x3bd Middlewares/ST/BlueNRG-MS/hci/hci_tl_patterns/Basic/hci_tl.o
 .debug_abbrev  0x00001e3b      0x2bb Middlewares/ST/BlueNRG-MS/utils/ble_list.o
 .debug_abbrev  0x000020f6      0x2c9 Src/app_x-cube-ble1.o
 .debug_abbrev  0x000023bf      0x1c5 Src/gpio.o
 .debug_abbrev  0x00002584      0x2e3 Src/hci_tl_interface.o
 .debug_abbrev  0x00002867      0x1ff Src/main.o
 .debug_abbrev  0x00002a66      0x16a Src/stm32l0xx_hal_exti.o
 .debug_abbrev  0x00002bd0      0x147 Src/stm32l0xx_hal_msp.o
 .debug_abbrev  0x00002d17      0x18e Src/stm32l0xx_it.o
 .debug_abbrev  0x00002ea5      0x22a Src/stm32l0xx_nucleo_bus.o
 .debug_abbrev  0x000030cf      0x2d4 Src/syscalls.o
 .debug_abbrev  0x000033a3      0x111 Src/system_stm32l0xx.o
 .debug_abbrev  0x000034b4      0x1e3 Src/usart.o
 .debug_abbrev  0x00003697       0x12 startup/startup_stm32l053xx.o

.debug_loc      0x00000000     0xc27e
 .debug_loc     0x00000000      0x12c Drivers/STM32L0xx_HAL_Driver/Src/stm32l0xx_hal.o
 .debug_loc     0x0000012c      0x3b4 Drivers/STM32L0xx_HAL_Driver/Src/stm32l0xx_hal_cortex.o
 .debug_loc     0x000004e0      0x2d1 Drivers/STM32L0xx_HAL_Driver/Src/stm32l0xx_hal_gpio.o
 .debug_loc     0x000007b1      0x5a4 Drivers/STM32L0xx_HAL_Driver/Src/stm32l0xx_hal_rcc.o
 .debug_loc     0x00000d55      0x9cb Drivers/STM32L0xx_HAL_Driver/Src/stm32l0xx_hal_rcc_ex.o
 .debug_loc     0x00001720     0x1c96 Drivers/STM32L0xx_HAL_Driver/Src/stm32l0xx_hal_spi.o
 .debug_loc     0x000033b6     0x1b0f Drivers/STM32L0xx_HAL_Driver/Src/stm32l0xx_hal_uart.o
 .debug_loc     0x00004ec5     0x26ba Middlewares/ST/BlueNRG-MS/hci/controller/bluenrg_gap_aci.o
 .debug_loc     0x0000757f     0x28d5 Middlewares/ST/BlueNRG-MS/hci/controller/bluenrg_gatt_aci.o
 .debug_loc     0x00009e54      0x3d0 Middlewares/ST/BlueNRG-MS/hci/controller/bluenrg_hal_aci.o
 .debug_loc     0x0000a224      0xd1d Middlewares/ST/BlueNRG-MS/hci/hci_le.o
 .debug_loc     0x0000af41      0x505 Middlewares/ST/BlueNRG-MS/hci/hci_tl_patterns/Basic/hci_tl.o
 .debug_loc     0x0000b446      0x14d Middlewares/ST/BlueNRG-MS/utils/ble_list.o
 .debug_loc     0x0000b593      0x1f7 Src/app_x-cube-ble1.o
 .debug_loc     0x0000b78a      0x190 Src/hci_tl_interface.o
 .debug_loc     0x0000b91a       0x1f Src/main.o
 .debug_loc     0x0000b939      0x102 Src/stm32l0xx_hal_exti.o
 .debug_loc     0x0000ba3b      0x26b Src/stm32l0xx_nucleo_bus.o
 .debug_loc     0x0000bca6      0x3c5 Src/syscalls.o
 .debug_loc     0x0000c06b      0x1a2 Src/system_stm32l0xx.o
 .debug_loc     0x0000c20d       0x71 Src/usart.o

.debug_aranges  0x00000000      0xf18
 .debug_aranges
                0x00000000       0xf8 Drivers/STM32L0xx_HAL_Driver/Src/stm32l0xx_hal.o
 .debug_aranges
                0x000000f8       0x90 Drivers/STM32L0xx_HAL_Driver/Src/stm32l0xx_hal_cortex.o
 .debug_aranges
                0x00000188       0x58 Drivers/STM32L0xx_HAL_Driver/Src/stm32l0xx_hal_gpio.o
 .debug_aranges
                0x000001e0       0x80 Drivers/STM32L0xx_HAL_Driver/Src/stm32l0xx_hal_rcc.o
 .debug_aranges
                0x00000260       0xb0 Drivers/STM32L0xx_HAL_Driver/Src/stm32l0xx_hal_rcc_ex.o
 .debug_aranges
                0x00000310      0x1d0 Drivers/STM32L0xx_HAL_Driver/Src/stm32l0xx_hal_spi.o
 .debug_aranges
                0x000004e0      0x1f8 Drivers/STM32L0xx_HAL_Driver/Src/stm32l0xx_hal_uart.o
 .debug_aranges
                0x000006d8      0x168 Middlewares/ST/BlueNRG-MS/hci/controller/bluenrg_gap_aci.o
 .debug_aranges
                0x00000840      0x178 Middlewares/ST/BlueNRG-MS/hci/controller/bluenrg_gatt_aci.o
 .debug_aranges
                0x000009b8       0x68 Middlewares/ST/BlueNRG-MS/hci/controller/bluenrg_hal_aci.o
 .debug_aranges
                0x00000a20      0x110 Middlewares/ST/BlueNRG-MS/hci/hci_le.o
 .debug_aranges
                0x00000b30       0x60 Middlewares/ST/BlueNRG-MS/hci/hci_tl_patterns/Basic/hci_tl.o
 .debug_aranges
                0x00000b90       0x78 Middlewares/ST/BlueNRG-MS/utils/ble_list.o
 .debug_aranges
                0x00000c08       0x38 Src/app_x-cube-ble1.o
 .debug_aranges
                0x00000c40       0x20 Src/gpio.o
 .debug_aranges
                0x00000c60       0x58 Src/hci_tl_interface.o
 .debug_aranges
                0x00000cb8       0x38 Src/main.o
 .debug_aranges
                0x00000cf0       0x30 Src/stm32l0xx_hal_exti.o
 .debug_aranges
                0x00000d20       0x20 Src/stm32l0xx_hal_msp.o
 .debug_aranges
                0x00000d40       0x48 Src/stm32l0xx_it.o
 .debug_aranges
                0x00000d88       0x60 Src/stm32l0xx_nucleo_bus.o
 .debug_aranges
                0x00000de8       0xb0 Src/syscalls.o
 .debug_aranges
                0x00000e98       0x28 Src/system_stm32l0xx.o
 .debug_aranges
                0x00000ec0       0x30 Src/usart.o
 .debug_aranges
                0x00000ef0       0x28 startup/startup_stm32l053xx.o

.debug_ranges   0x00000000      0xe40
 .debug_ranges  0x00000000       0xe8 Drivers/STM32L0xx_HAL_Driver/Src/stm32l0xx_hal.o
 .debug_ranges  0x000000e8       0xc8 Drivers/STM32L0xx_HAL_Driver/Src/stm32l0xx_hal_cortex.o
 .debug_ranges  0x000001b0       0x48 Drivers/STM32L0xx_HAL_Driver/Src/stm32l0xx_hal_gpio.o
 .debug_ranges  0x000001f8       0xa0 Drivers/STM32L0xx_HAL_Driver/Src/stm32l0xx_hal_rcc.o
 .debug_ranges  0x00000298       0xb8 Drivers/STM32L0xx_HAL_Driver/Src/stm32l0xx_hal_rcc_ex.o
 .debug_ranges  0x00000350      0x1c0 Drivers/STM32L0xx_HAL_Driver/Src/stm32l0xx_hal_spi.o
 .debug_ranges  0x00000510      0x1e8 Drivers/STM32L0xx_HAL_Driver/Src/stm32l0xx_hal_uart.o
 .debug_ranges  0x000006f8      0x158 Middlewares/ST/BlueNRG-MS/hci/controller/bluenrg_gap_aci.o
 .debug_ranges  0x00000850      0x168 Middlewares/ST/BlueNRG-MS/hci/controller/bluenrg_gatt_aci.o
 .debug_ranges  0x000009b8       0x58 Middlewares/ST/BlueNRG-MS/hci/controller/bluenrg_hal_aci.o
 .debug_ranges  0x00000a10      0x100 Middlewares/ST/BlueNRG-MS/hci/hci_le.o
 .debug_ranges  0x00000b10       0x70 Middlewares/ST/BlueNRG-MS/hci/hci_tl_patterns/Basic/hci_tl.o
 .debug_ranges  0x00000b80       0x68 Middlewares/ST/BlueNRG-MS/utils/ble_list.o
 .debug_ranges  0x00000be8       0x28 Src/app_x-cube-ble1.o
 .debug_ranges  0x00000c10       0x10 Src/gpio.o
 .debug_ranges  0x00000c20       0x48 Src/hci_tl_interface.o
 .debug_ranges  0x00000c68       0x28 Src/main.o
 .debug_ranges  0x00000c90       0x20 Src/stm32l0xx_hal_exti.o
 .debug_ranges  0x00000cb0       0x10 Src/stm32l0xx_hal_msp.o
 .debug_ranges  0x00000cc0       0x38 Src/stm32l0xx_it.o
 .debug_ranges  0x00000cf8       0x50 Src/stm32l0xx_nucleo_bus.o
 .debug_ranges  0x00000d48       0xa0 Src/syscalls.o
 .debug_ranges  0x00000de8       0x18 Src/system_stm32l0xx.o
 .debug_ranges  0x00000e00       0x20 Src/usart.o
 .debug_ranges  0x00000e20       0x20 startup/startup_stm32l053xx.o

.debug_macro    0x00000000    0x178ec
 .debug_macro   0x00000000      0x1dc Drivers/STM32L0xx_HAL_Driver/Src/stm32l0xx_hal.o
 .debug_macro   0x000001dc      0xa4e Drivers/STM32L0xx_HAL_Driver/Src/stm32l0xx_hal.o
 .debug_macro   0x00000c2a       0xa7 Drivers/STM32L0xx_HAL_Driver/Src/stm32l0xx_hal.o
 .debug_macro   0x00000cd1       0x2e Drivers/STM32L0xx_HAL_Driver/Src/stm32l0xx_hal.o
 .debug_macro   0x00000cff       0x28 Drivers/STM32L0xx_HAL_Driver/Src/stm32l0xx_hal.o
 .debug_macro   0x00000d27       0x22 Drivers/STM32L0xx_HAL_Driver/Src/stm32l0xx_hal.o
 .debug_macro   0x00000d49       0x8e Drivers/STM32L0xx_HAL_Driver/Src/stm32l0xx_hal.o
 .debug_macro   0x00000dd7       0x51 Drivers/STM32L0xx_HAL_Driver/Src/stm32l0xx_hal.o
 .debug_macro   0x00000e28       0xef Drivers/STM32L0xx_HAL_Driver/Src/stm32l0xx_hal.o
 .debug_macro   0x00000f17       0x6a Drivers/STM32L0xx_HAL_Driver/Src/stm32l0xx_hal.o
 .debug_macro   0x00000f81      0x1df Drivers/STM32L0xx_HAL_Driver/Src/stm32l0xx_hal.o
 .debug_macro   0x00001160       0x34 Drivers/STM32L0xx_HAL_Driver/Src/stm32l0xx_hal.o
 .debug_macro   0x00001194       0x26 Drivers/STM32L0xx_HAL_Driver/Src/stm32l0xx_hal.o
 .debug_macro   0x000011ba      0x44f Drivers/STM32L0xx_HAL_Driver/Src/stm32l0xx_hal.o
 .debug_macro   0x00001609     0x9d0d Drivers/STM32L0xx_HAL_Driver/Src/stm32l0xx_hal.o
 .debug_macro   0x0000b316       0x3c Drivers/STM32L0xx_HAL_Driver/Src/stm32l0xx_hal.o
 .debug_macro   0x0000b352     0x352c Drivers/STM32L0xx_HAL_Driver/Src/stm32l0xx_hal.o
 .debug_macro   0x0000e87e      0x174 Drivers/STM32L0xx_HAL_Driver/Src/stm32l0xx_hal.o
 .debug_macro   0x0000e9f2       0x4f Drivers/STM32L0xx_HAL_Driver/Src/stm32l0xx_hal.o
 .debug_macro   0x0000ea41      0x8d6 Drivers/STM32L0xx_HAL_Driver/Src/stm32l0xx_hal.o
 .debug_macro   0x0000f317      0x9d2 Drivers/STM32L0xx_HAL_Driver/Src/stm32l0xx_hal.o
 .debug_macro   0x0000fce9      0x131 Drivers/STM32L0xx_HAL_Driver/Src/stm32l0xx_hal.o
 .debug_macro   0x0000fe1a      0x13f Drivers/STM32L0xx_HAL_Driver/Src/stm32l0xx_hal.o
 .debug_macro   0x0000ff59      0x17d Drivers/STM32L0xx_HAL_Driver/Src/stm32l0xx_hal.o
 .debug_macro   0x000100d6      0x28e Drivers/STM32L0xx_HAL_Driver/Src/stm32l0xx_hal.o
 .debug_macro   0x00010364      0x1e9 Drivers/STM32L0xx_HAL_Driver/Src/stm32l0xx_hal.o
 .debug_macro   0x0001054d      0x129 Drivers/STM32L0xx_HAL_Driver/Src/stm32l0xx_hal.o
 .debug_macro   0x00010676      0x2b4 Drivers/STM32L0xx_HAL_Driver/Src/stm32l0xx_hal.o
 .debug_macro   0x0001092a      0x22c Drivers/STM32L0xx_HAL_Driver/Src/stm32l0xx_hal.o
 .debug_macro   0x00010b56       0x5b Drivers/STM32L0xx_HAL_Driver/Src/stm32l0xx_hal.o
 .debug_macro   0x00010bb1       0xa5 Drivers/STM32L0xx_HAL_Driver/Src/stm32l0xx_hal.o
 .debug_macro   0x00010c56      0x187 Drivers/STM32L0xx_HAL_Driver/Src/stm32l0xx_hal.o
 .debug_macro   0x00010ddd       0x16 Drivers/STM32L0xx_HAL_Driver/Src/stm32l0xx_hal.o
 .debug_macro   0x00010df3      0x22c Drivers/STM32L0xx_HAL_Driver/Src/stm32l0xx_hal.o
 .debug_macro   0x0001101f      0x57b Drivers/STM32L0xx_HAL_Driver/Src/stm32l0xx_hal.o
 .debug_macro   0x0001159a       0x44 Drivers/STM32L0xx_HAL_Driver/Src/stm32l0xx_hal.o
 .debug_macro   0x000115de      0x163 Drivers/STM32L0xx_HAL_Driver/Src/stm32l0xx_hal.o
 .debug_macro   0x00011741      0x1b8 Drivers/STM32L0xx_HAL_Driver/Src/stm32l0xx_hal_cortex.o
 .debug_macro   0x000118f9      0x1f0 Drivers/STM32L0xx_HAL_Driver/Src/stm32l0xx_hal_gpio.o
 .debug_macro   0x00011ae9      0x1dc Drivers/STM32L0xx_HAL_Driver/Src/stm32l0xx_hal_rcc.o
 .debug_macro   0x00011cc5      0x1b8 Drivers/STM32L0xx_HAL_Driver/Src/stm32l0xx_hal_rcc_ex.o
 .debug_macro   0x00011e7d      0x1c0 Drivers/STM32L0xx_HAL_Driver/Src/stm32l0xx_hal_spi.o
 .debug_macro   0x0001203d      0x1e3 Drivers/STM32L0xx_HAL_Driver/Src/stm32l0xx_hal_uart.o
 .debug_macro   0x00012220      0x35c Middlewares/ST/BlueNRG-MS/hci/controller/bluenrg_gap_aci.o
 .debug_macro   0x0001257c       0x9b Middlewares/ST/BlueNRG-MS/hci/controller/bluenrg_gap_aci.o
 .debug_macro   0x00012617       0x3a Middlewares/ST/BlueNRG-MS/hci/controller/bluenrg_gap_aci.o
 .debug_macro   0x00012651       0x28 Middlewares/ST/BlueNRG-MS/hci/controller/bluenrg_gap_aci.o
 .debug_macro   0x00012679       0x82 Middlewares/ST/BlueNRG-MS/hci/controller/bluenrg_gap_aci.o
 .debug_macro   0x000126fb       0x6a Middlewares/ST/BlueNRG-MS/hci/controller/bluenrg_gap_aci.o
 .debug_macro   0x00012765       0x40 Middlewares/ST/BlueNRG-MS/hci/controller/bluenrg_gap_aci.o
 .debug_macro   0x000127a5       0x5e Middlewares/ST/BlueNRG-MS/hci/controller/bluenrg_gap_aci.o
 .debug_macro   0x00012803       0x18 Middlewares/ST/BlueNRG-MS/hci/controller/bluenrg_gap_aci.o
 .debug_macro   0x0001281b       0x35 Middlewares/ST/BlueNRG-MS/hci/controller/bluenrg_gap_aci.o
 .debug_macro   0x00012850       0x34 Middlewares/ST/BlueNRG-MS/hci/controller/bluenrg_gap_aci.o
 .debug_macro   0x00012884       0x58 Middlewares/ST/BlueNRG-MS/hci/controller/bluenrg_gap_aci.o
 .debug_macro   0x000128dc       0x1f Middlewares/ST/BlueNRG-MS/hci/controller/bluenrg_gap_aci.o
 .debug_macro   0x000128fb       0x43 Middlewares/ST/BlueNRG-MS/hci/controller/bluenrg_gap_aci.o
 .debug_macro   0x0001293e       0x20 Middlewares/ST/BlueNRG-MS/hci/controller/bluenrg_gap_aci.o
 .debug_macro   0x0001295e      0x18e Middlewares/ST/BlueNRG-MS/hci/controller/bluenrg_gap_aci.o
 .debug_macro   0x00012aec      0x330 Middlewares/ST/BlueNRG-MS/hci/controller/bluenrg_gap_aci.o
 .debug_macro   0x00012e1c       0x10 Middlewares/ST/BlueNRG-MS/hci/controller/bluenrg_gap_aci.o
 .debug_macro   0x00012e2c       0x35 Middlewares/ST/BlueNRG-MS/hci/controller/bluenrg_gap_aci.o
 .debug_macro   0x00012e61       0x88 Middlewares/ST/BlueNRG-MS/hci/controller/bluenrg_gap_aci.o
 .debug_macro   0x00012ee9       0x1c Middlewares/ST/BlueNRG-MS/hci/controller/bluenrg_gap_aci.o
 .debug_macro   0x00012f05      0x37e Middlewares/ST/BlueNRG-MS/hci/controller/bluenrg_gap_aci.o
 .debug_macro   0x00013283      0x174 Middlewares/ST/BlueNRG-MS/hci/controller/bluenrg_gap_aci.o
 .debug_macro   0x000133f7      0x4bd Middlewares/ST/BlueNRG-MS/hci/controller/bluenrg_gap_aci.o
 .debug_macro   0x000138b4       0x50 Middlewares/ST/BlueNRG-MS/hci/controller/bluenrg_gap_aci.o
 .debug_macro   0x00013904      0x1b4 Middlewares/ST/BlueNRG-MS/hci/controller/bluenrg_gap_aci.o
 .debug_macro   0x00013ab8      0x35c Middlewares/ST/BlueNRG-MS/hci/controller/bluenrg_gatt_aci.o
 .debug_macro   0x00013e14       0xab Middlewares/ST/BlueNRG-MS/hci/controller/bluenrg_gatt_aci.o
 .debug_macro   0x00013ebf      0x35c Middlewares/ST/BlueNRG-MS/hci/controller/bluenrg_hal_aci.o
 .debug_macro   0x0001421b      0x264 Middlewares/ST/BlueNRG-MS/hci/controller/bluenrg_hal_aci.o
 .debug_macro   0x0001447f      0x329 Middlewares/ST/BlueNRG-MS/hci/hci_le.o
 .debug_macro   0x000147a8      0x176 Middlewares/ST/BlueNRG-MS/hci/hci_le.o
 .debug_macro   0x0001491e      0x16c Middlewares/ST/BlueNRG-MS/hci/hci_le.o
 .debug_macro   0x00014a8a      0x342 Middlewares/ST/BlueNRG-MS/hci/hci_tl_patterns/Basic/hci_tl.o
 .debug_macro   0x00014dcc      0x31c Middlewares/ST/BlueNRG-MS/utils/ble_list.o
 .debug_macro   0x000150e8       0x16 Middlewares/ST/BlueNRG-MS/utils/ble_list.o
 .debug_macro   0x000150fe       0x97 Middlewares/ST/BlueNRG-MS/utils/ble_list.o
 .debug_macro   0x00015195       0xfd Middlewares/ST/BlueNRG-MS/utils/ble_list.o
 .debug_macro   0x00015292       0x10 Middlewares/ST/BlueNRG-MS/utils/ble_list.o
 .debug_macro   0x000152a2       0x10 Middlewares/ST/BlueNRG-MS/utils/ble_list.o
 .debug_macro   0x000152b2       0x1c Middlewares/ST/BlueNRG-MS/utils/ble_list.o
 .debug_macro   0x000152ce       0x52 Middlewares/ST/BlueNRG-MS/utils/ble_list.o
 .debug_macro   0x00015320       0x40 Middlewares/ST/BlueNRG-MS/utils/ble_list.o
 .debug_macro   0x00015360       0x10 Middlewares/ST/BlueNRG-MS/utils/ble_list.o
 .debug_macro   0x00015370       0x40 Middlewares/ST/BlueNRG-MS/utils/ble_list.o
 .debug_macro   0x000153b0       0xd7 Middlewares/ST/BlueNRG-MS/utils/ble_list.o
 .debug_macro   0x00015487       0x1c Middlewares/ST/BlueNRG-MS/utils/ble_list.o
 .debug_macro   0x000154a3       0x3d Middlewares/ST/BlueNRG-MS/utils/ble_list.o
 .debug_macro   0x000154e0       0x16 Middlewares/ST/BlueNRG-MS/utils/ble_list.o
 .debug_macro   0x000154f6      0x16f Middlewares/ST/BlueNRG-MS/utils/ble_list.o
 .debug_macro   0x00015665      0x395 Src/app_x-cube-ble1.o
 .debug_macro   0x000159fa       0xa5 Src/app_x-cube-ble1.o
 .debug_macro   0x00015a9f      0x206 Src/gpio.o
 .debug_macro   0x00015ca5       0x2e Src/gpio.o
 .debug_macro   0x00015cd3      0x2f1 Src/hci_tl_interface.o
 .debug_macro   0x00015fc4       0x16 Src/hci_tl_interface.o
 .debug_macro   0x00015fda       0x52 Src/hci_tl_interface.o
 .debug_macro   0x0001602c      0x224 Src/main.o
 .debug_macro   0x00016250      0x1c2 Src/stm32l0xx_hal_exti.o
 .debug_macro   0x00016412      0x12b Src/stm32l0xx_hal_exti.o
 .debug_macro   0x0001653d      0x1fc Src/stm32l0xx_hal_msp.o
 .debug_macro   0x00016739      0x200 Src/stm32l0xx_it.o
 .debug_macro   0x00016939      0x1df Src/stm32l0xx_nucleo_bus.o
 .debug_macro   0x00016b18      0x243 Src/syscalls.o
 .debug_macro   0x00016d5b       0x58 Src/syscalls.o
 .debug_macro   0x00016db3       0x94 Src/syscalls.o
 .debug_macro   0x00016e47       0x57 Src/syscalls.o
 .debug_macro   0x00016e9e       0x10 Src/syscalls.o
 .debug_macro   0x00016eae       0x10 Src/syscalls.o
 .debug_macro   0x00016ebe       0x10 Src/syscalls.o
 .debug_macro   0x00016ece       0x35 Src/syscalls.o
 .debug_macro   0x00016f03      0x122 Src/syscalls.o
 .debug_macro   0x00017025       0x16 Src/syscalls.o
 .debug_macro   0x0001703b       0x16 Src/syscalls.o
 .debug_macro   0x00017051       0x29 Src/syscalls.o
 .debug_macro   0x0001707a       0x10 Src/syscalls.o
 .debug_macro   0x0001708a      0x241 Src/syscalls.o
 .debug_macro   0x000172cb       0x1c Src/syscalls.o
 .debug_macro   0x000172e7       0x10 Src/syscalls.o
 .debug_macro   0x000172f7      0x189 Src/syscalls.o
 .debug_macro   0x00017480       0x16 Src/syscalls.o
 .debug_macro   0x00017496       0x88 Src/syscalls.o
 .debug_macro   0x0001751e      0x1c8 Src/system_stm32l0xx.o
 .debug_macro   0x000176e6      0x206 Src/usart.o

.debug_line     0x00000000     0xf957
 .debug_line    0x00000000      0x91c Drivers/STM32L0xx_HAL_Driver/Src/stm32l0xx_hal.o
 .debug_line    0x0000091c      0x8e1 Drivers/STM32L0xx_HAL_Driver/Src/stm32l0xx_hal_cortex.o
 .debug_line    0x000011fd      0x863 Drivers/STM32L0xx_HAL_Driver/Src/stm32l0xx_hal_gpio.o
 .debug_line    0x00001a60      0xa1a Drivers/STM32L0xx_HAL_Driver/Src/stm32l0xx_hal_rcc.o
 .debug_line    0x0000247a      0xa40 Drivers/STM32L0xx_HAL_Driver/Src/stm32l0xx_hal_rcc_ex.o
 .debug_line    0x00002eba     0x1156 Drivers/STM32L0xx_HAL_Driver/Src/stm32l0xx_hal_spi.o
 .debug_line    0x00004010     0x1282 Drivers/STM32L0xx_HAL_Driver/Src/stm32l0xx_hal_uart.o
 .debug_line    0x00005292      0xf77 Middlewares/ST/BlueNRG-MS/hci/controller/bluenrg_gap_aci.o
 .debug_line    0x00006209     0x1051 Middlewares/ST/BlueNRG-MS/hci/controller/bluenrg_gatt_aci.o
 .debug_line    0x0000725a      0xb45 Middlewares/ST/BlueNRG-MS/hci/controller/bluenrg_hal_aci.o
 .debug_line    0x00007d9f      0xd5f Middlewares/ST/BlueNRG-MS/hci/hci_le.o
 .debug_line    0x00008afe      0xb18 Middlewares/ST/BlueNRG-MS/hci/hci_tl_patterns/Basic/hci_tl.o
 .debug_line    0x00009616      0xa3f Middlewares/ST/BlueNRG-MS/utils/ble_list.o
 .debug_line    0x0000a055      0xaea Src/app_x-cube-ble1.o
 .debug_line    0x0000ab3f      0x79f Src/gpio.o
 .debug_line    0x0000b2de      0xa59 Src/hci_tl_interface.o
 .debug_line    0x0000bd37      0x7fc Src/main.o
 .debug_line    0x0000c533      0x73e Src/stm32l0xx_hal_exti.o
 .debug_line    0x0000cc71      0x786 Src/stm32l0xx_hal_msp.o
 .debug_line    0x0000d3f7      0x7d5 Src/stm32l0xx_it.o
 .debug_line    0x0000dbcc      0x822 Src/stm32l0xx_nucleo_bus.o
 .debug_line    0x0000e3ee      0x5da Src/syscalls.o
 .debug_line    0x0000e9c8      0x738 Src/system_stm32l0xx.o
 .debug_line    0x0000f100      0x7d4 Src/usart.o
 .debug_line    0x0000f8d4       0x83 startup/startup_stm32l053xx.o

.debug_str      0x00000000    0x818d0
 .debug_str     0x00000000    0x716de Drivers/STM32L0xx_HAL_Driver/Src/stm32l0xx_hal.o
                              0x71b28 (size before relaxing)
 .debug_str     0x000716de      0x2cc Drivers/STM32L0xx_HAL_Driver/Src/stm32l0xx_hal_cortex.o
                              0x71943 (size before relaxing)
 .debug_str     0x000719aa      0x2c1 Drivers/STM32L0xx_HAL_Driver/Src/stm32l0xx_hal_gpio.o
                              0x717b1 (size before relaxing)
 .debug_str     0x00071c6b      0x3db Drivers/STM32L0xx_HAL_Driver/Src/stm32l0xx_hal_rcc.o
                              0x719ad (size before relaxing)
 .debug_str     0x00072046      0x439 Drivers/STM32L0xx_HAL_Driver/Src/stm32l0xx_hal_rcc_ex.o
                              0x719d8 (size before relaxing)
 .debug_str     0x0007247f      0x8f3 Drivers/STM32L0xx_HAL_Driver/Src/stm32l0xx_hal_spi.o
                              0x71d9a (size before relaxing)
 .debug_str     0x00072d72      0x966 Drivers/STM32L0xx_HAL_Driver/Src/stm32l0xx_hal_uart.o
                              0x7216f (size before relaxing)
 .debug_str     0x000736d8     0x8485 Middlewares/ST/BlueNRG-MS/hci/controller/bluenrg_gap_aci.o
                              0x7a122 (size before relaxing)
 .debug_str     0x0007bb5d     0x1045 Middlewares/ST/BlueNRG-MS/hci/controller/bluenrg_gatt_aci.o
                              0x7a19a (size before relaxing)
 .debug_str     0x0007cba2      0xcef Middlewares/ST/BlueNRG-MS/hci/controller/bluenrg_hal_aci.o
                              0x79b46 (size before relaxing)
 .debug_str     0x0007d891      0xe97 Middlewares/ST/BlueNRG-MS/hci/hci_le.o
                              0x778e2 (size before relaxing)
 .debug_str     0x0007e728      0x37d Middlewares/ST/BlueNRG-MS/hci/hci_tl_patterns/Basic/hci_tl.o
                              0x76a40 (size before relaxing)
 .debug_str     0x0007eaa5     0x1370 Middlewares/ST/BlueNRG-MS/utils/ble_list.o
                              0x7532e (size before relaxing)
 .debug_str     0x0007fe15      0x3e6 Src/app_x-cube-ble1.o
                              0x7a946 (size before relaxing)
 .debug_str     0x000801fb       0x51 Src/gpio.o
                              0x72235 (size before relaxing)
 .debug_str     0x0008024c      0x1a6 Src/hci_tl_interface.o
                              0x7524c (size before relaxing)
 .debug_str     0x000803f2       0x92 Src/main.o
                              0x72417 (size before relaxing)
 .debug_str     0x00080484       0x7f Src/stm32l0xx_hal_exti.o
                              0x71502 (size before relaxing)
 .debug_str     0x00080503       0x1b Src/stm32l0xx_hal_msp.o
                              0x71fb5 (size before relaxing)
 .debug_str     0x0008051e       0x72 Src/stm32l0xx_it.o
                              0x71f88 (size before relaxing)
 .debug_str     0x00080590       0x99 Src/stm32l0xx_nucleo_bus.o
                              0x7204e (size before relaxing)
 .debug_str     0x00080629     0x11fa Src/syscalls.o
                               0x8520 (size before relaxing)
 .debug_str     0x00081823       0x64 Src/system_stm32l0xx.o
                              0x714fc (size before relaxing)
 .debug_str     0x00081887       0x1a Src/usart.o
                              0x72257 (size before relaxing)
 .debug_str     0x000818a1       0x2f startup/startup_stm32l053xx.o
                                 0x6d (size before relaxing)

.comment        0x00000000       0x7f
 .comment       0x00000000       0x7f Drivers/STM32L0xx_HAL_Driver/Src/stm32l0xx_hal.o
                                 0x80 (size before relaxing)
 .comment       0x0000007f       0x80 Drivers/STM32L0xx_HAL_Driver/Src/stm32l0xx_hal_cortex.o
 .comment       0x0000007f       0x80 Drivers/STM32L0xx_HAL_Driver/Src/stm32l0xx_hal_gpio.o
 .comment       0x0000007f       0x80 Drivers/STM32L0xx_HAL_Driver/Src/stm32l0xx_hal_rcc.o
 .comment       0x0000007f       0x80 Drivers/STM32L0xx_HAL_Driver/Src/stm32l0xx_hal_rcc_ex.o
 .comment       0x0000007f       0x80 Drivers/STM32L0xx_HAL_Driver/Src/stm32l0xx_hal_spi.o
 .comment       0x0000007f       0x80 Drivers/STM32L0xx_HAL_Driver/Src/stm32l0xx_hal_uart.o
 .comment       0x0000007f       0x80 Middlewares/ST/BlueNRG-MS/hci/controller/bluenrg_gap_aci.o
 .comment       0x0000007f       0x80 Middlewares/ST/BlueNRG-MS/hci/controller/bluenrg_gatt_aci.o
 .comment       0x0000007f       0x80 Middlewares/ST/BlueNRG-MS/hci/controller/bluenrg_hal_aci.o
 .comment       0x0000007f       0x80 Middlewares/ST/BlueNRG-MS/hci/hci_le.o
 .comment       0x0000007f       0x80 Middlewares/ST/BlueNRG-MS/hci/hci_tl_patterns/Basic/hci_tl.o
 .comment       0x0000007f       0x80 Middlewares/ST/BlueNRG-MS/utils/ble_list.o
 .comment       0x0000007f       0x80 Src/app_x-cube-ble1.o
 .comment       0x0000007f       0x80 Src/gpio.o
 .comment       0x0000007f       0x80 Src/hci_tl_interface.o
 .comment       0x0000007f       0x80 Src/main.o
 .comment       0x0000007f       0x80 Src/stm32l0xx_hal_exti.o
 .comment       0x0000007f       0x80 Src/stm32l0xx_hal_msp.o
 .comment       0x0000007f       0x80 Src/stm32l0xx_it.o
 .comment       0x0000007f       0x80 Src/stm32l0xx_nucleo_bus.o
 .comment       0x0000007f       0x80 Src/syscalls.o
 .comment       0x0000007f       0x80 Src/system_stm32l0xx.o
 .comment       0x0000007f       0x80 Src/usart.o

.debug_frame    0x00000000     0x2f80
 .debug_frame   0x00000000      0x1f4 Drivers/STM32L0xx_HAL_Driver/Src/stm32l0xx_hal.o
 .debug_frame   0x000001f4      0x114 Drivers/STM32L0xx_HAL_Driver/Src/stm32l0xx_hal_cortex.o
 .debug_frame   0x00000308       0xc8 Drivers/STM32L0xx_HAL_Driver/Src/stm32l0xx_hal_gpio.o
 .debug_frame   0x000003d0      0x144 Drivers/STM32L0xx_HAL_Driver/Src/stm32l0xx_hal_rcc.o
 .debug_frame   0x00000514      0x170 Drivers/STM32L0xx_HAL_Driver/Src/stm32l0xx_hal_rcc_ex.o
 .debug_frame   0x00000684      0x550 Drivers/STM32L0xx_HAL_Driver/Src/stm32l0xx_hal_spi.o
 .debug_frame   0x00000bd4      0x564 Drivers/STM32L0xx_HAL_Driver/Src/stm32l0xx_hal_uart.o
 .debug_frame   0x00001138      0x4e4 Middlewares/ST/BlueNRG-MS/hci/controller/bluenrg_gap_aci.o
 .debug_frame   0x0000161c      0x4f0 Middlewares/ST/BlueNRG-MS/hci/controller/bluenrg_gatt_aci.o
 .debug_frame   0x00001b0c      0x130 Middlewares/ST/BlueNRG-MS/hci/controller/bluenrg_hal_aci.o
 .debug_frame   0x00001c3c      0x3ac Middlewares/ST/BlueNRG-MS/hci/hci_le.o
 .debug_frame   0x00001fe8       0xf0 Middlewares/ST/BlueNRG-MS/hci/hci_tl_patterns/Basic/hci_tl.o
 .debug_frame   0x000020d8       0xe8 Middlewares/ST/BlueNRG-MS/utils/ble_list.o
 .debug_frame   0x000021c0       0x7c Src/app_x-cube-ble1.o
 .debug_frame   0x0000223c       0x30 Src/gpio.o
 .debug_frame   0x0000226c       0xf0 Src/hci_tl_interface.o
 .debug_frame   0x0000235c       0x70 Src/main.o
 .debug_frame   0x000023cc       0x48 Src/stm32l0xx_hal_exti.o
 .debug_frame   0x00002414       0x20 Src/stm32l0xx_hal_msp.o
 .debug_frame   0x00002434       0x80 Src/stm32l0xx_it.o
 .debug_frame   0x000024b4       0xf0 Src/stm32l0xx_nucleo_bus.o
 .debug_frame   0x000025a4      0x19c Src/syscalls.o
 .debug_frame   0x00002740       0x38 Src/system_stm32l0xx.o
 .debug_frame   0x00002778       0x5c Src/usart.o
 .debug_frame   0x000027d4       0x20 c:/ac6/systemworkbench/plugins/fr.ac6.mcu.externaltools.arm-none.win32_1.17.0.201812190825/tools/compiler/bin/../lib/gcc/arm-none-eabi/7.3.1/thumb/v6-m\libgcc.a(_udivsi3.o)
 .debug_frame   0x000027f4       0x3c c:/ac6/systemworkbench/plugins/fr.ac6.mcu.externaltools.arm-none.win32_1.17.0.201812190825/tools/compiler/bin/../lib/gcc/arm-none-eabi/7.3.1/thumb/v6-m\libgcc.a(_udivmoddi4.o)
 .debug_frame   0x00002830       0x20 c:/ac6/systemworkbench/plugins/fr.ac6.mcu.externaltools.arm-none.win32_1.17.0.201812190825/tools/compiler/bin/../lib/gcc/arm-none-eabi/7.3.1/../../../../arm-none-eabi/lib/thumb/v6-m\libc_nano.a(lib_a-errno.o)
 .debug_frame   0x00002850       0x2c c:/ac6/systemworkbench/plugins/fr.ac6.mcu.externaltools.arm-none.win32_1.17.0.201812190825/tools/compiler/bin/../lib/gcc/arm-none-eabi/7.3.1/../../../../arm-none-eabi/lib/thumb/v6-m\libc_nano.a(lib_a-init.o)
 .debug_frame   0x0000287c       0x28 c:/ac6/systemworkbench/plugins/fr.ac6.mcu.externaltools.arm-none.win32_1.17.0.201812190825/tools/compiler/bin/../lib/gcc/arm-none-eabi/7.3.1/../../../../arm-none-eabi/lib/thumb/v6-m\libc_nano.a(lib_a-memcpy-stub.o)
 .debug_frame   0x000028a4       0x20 c:/ac6/systemworkbench/plugins/fr.ac6.mcu.externaltools.arm-none.win32_1.17.0.201812190825/tools/compiler/bin/../lib/gcc/arm-none-eabi/7.3.1/../../../../arm-none-eabi/lib/thumb/v6-m\libc_nano.a(lib_a-memset.o)
 .debug_frame   0x000028c4       0x50 c:/ac6/systemworkbench/plugins/fr.ac6.mcu.externaltools.arm-none.win32_1.17.0.201812190825/tools/compiler/bin/../lib/gcc/arm-none-eabi/7.3.1/../../../../arm-none-eabi/lib/thumb/v6-m\libc_nano.a(lib_a-printf.o)
 .debug_frame   0x00002914      0x140 c:/ac6/systemworkbench/plugins/fr.ac6.mcu.externaltools.arm-none.win32_1.17.0.201812190825/tools/compiler/bin/../lib/gcc/arm-none-eabi/7.3.1/../../../../arm-none-eabi/lib/thumb/v6-m\libc_nano.a(lib_a-findfp.o)
 .debug_frame   0x00002a54       0x58 c:/ac6/systemworkbench/plugins/fr.ac6.mcu.externaltools.arm-none.win32_1.17.0.201812190825/tools/compiler/bin/../lib/gcc/arm-none-eabi/7.3.1/../../../../arm-none-eabi/lib/thumb/v6-m\libc_nano.a(lib_a-fwalk.o)
 .debug_frame   0x00002aac       0x2c c:/ac6/systemworkbench/plugins/fr.ac6.mcu.externaltools.arm-none.win32_1.17.0.201812190825/tools/compiler/bin/../lib/gcc/arm-none-eabi/7.3.1/../../../../arm-none-eabi/lib/thumb/v6-m\libc_nano.a(lib_a-nano-mallocr.o)
 .debug_frame   0x00002ad8       0x9c c:/ac6/systemworkbench/plugins/fr.ac6.mcu.externaltools.arm-none.win32_1.17.0.201812190825/tools/compiler/bin/../lib/gcc/arm-none-eabi/7.3.1/../../../../arm-none-eabi/lib/thumb/v6-m\libc_nano.a(lib_a-nano-vfprintf.o)
 .debug_frame   0x00002b74       0x54 c:/ac6/systemworkbench/plugins/fr.ac6.mcu.externaltools.arm-none.win32_1.17.0.201812190825/tools/compiler/bin/../lib/gcc/arm-none-eabi/7.3.1/../../../../arm-none-eabi/lib/thumb/v6-m\libc_nano.a(lib_a-nano-vfprintf_i.o)
 .debug_frame   0x00002bc8       0x2c c:/ac6/systemworkbench/plugins/fr.ac6.mcu.externaltools.arm-none.win32_1.17.0.201812190825/tools/compiler/bin/../lib/gcc/arm-none-eabi/7.3.1/../../../../arm-none-eabi/lib/thumb/v6-m\libc_nano.a(lib_a-sbrkr.o)
 .debug_frame   0x00002bf4       0x90 c:/ac6/systemworkbench/plugins/fr.ac6.mcu.externaltools.arm-none.win32_1.17.0.201812190825/tools/compiler/bin/../lib/gcc/arm-none-eabi/7.3.1/../../../../arm-none-eabi/lib/thumb/v6-m\libc_nano.a(lib_a-stdio.o)
 .debug_frame   0x00002c84       0x48 c:/ac6/systemworkbench/plugins/fr.ac6.mcu.externaltools.arm-none.win32_1.17.0.201812190825/tools/compiler/bin/../lib/gcc/arm-none-eabi/7.3.1/../../../../arm-none-eabi/lib/thumb/v6-m\libc_nano.a(lib_a-wbuf.o)
 .debug_frame   0x00002ccc       0x2c c:/ac6/systemworkbench/plugins/fr.ac6.mcu.externaltools.arm-none.win32_1.17.0.201812190825/tools/compiler/bin/../lib/gcc/arm-none-eabi/7.3.1/../../../../arm-none-eabi/lib/thumb/v6-m\libc_nano.a(lib_a-writer.o)
 .debug_frame   0x00002cf8       0x2c c:/ac6/systemworkbench/plugins/fr.ac6.mcu.externaltools.arm-none.win32_1.17.0.201812190825/tools/compiler/bin/../lib/gcc/arm-none-eabi/7.3.1/../../../../arm-none-eabi/lib/thumb/v6-m\libc_nano.a(lib_a-wsetup.o)
 .debug_frame   0x00002d24       0x2c c:/ac6/systemworkbench/plugins/fr.ac6.mcu.externaltools.arm-none.win32_1.17.0.201812190825/tools/compiler/bin/../lib/gcc/arm-none-eabi/7.3.1/../../../../arm-none-eabi/lib/thumb/v6-m\libc_nano.a(lib_a-closer.o)
 .debug_frame   0x00002d50       0x68 c:/ac6/systemworkbench/plugins/fr.ac6.mcu.externaltools.arm-none.win32_1.17.0.201812190825/tools/compiler/bin/../lib/gcc/arm-none-eabi/7.3.1/../../../../arm-none-eabi/lib/thumb/v6-m\libc_nano.a(lib_a-fflush.o)
 .debug_frame   0x00002db8       0x2c c:/ac6/systemworkbench/plugins/fr.ac6.mcu.externaltools.arm-none.win32_1.17.0.201812190825/tools/compiler/bin/../lib/gcc/arm-none-eabi/7.3.1/../../../../arm-none-eabi/lib/thumb/v6-m\libc_nano.a(lib_a-lseekr.o)
 .debug_frame   0x00002de4       0x54 c:/ac6/systemworkbench/plugins/fr.ac6.mcu.externaltools.arm-none.win32_1.17.0.201812190825/tools/compiler/bin/../lib/gcc/arm-none-eabi/7.3.1/../../../../arm-none-eabi/lib/thumb/v6-m\libc_nano.a(lib_a-makebuf.o)
 .debug_frame   0x00002e38       0x20 c:/ac6/systemworkbench/plugins/fr.ac6.mcu.externaltools.arm-none.win32_1.17.0.201812190825/tools/compiler/bin/../lib/gcc/arm-none-eabi/7.3.1/../../../../arm-none-eabi/lib/thumb/v6-m\libc_nano.a(lib_a-memchr-stub.o)
 .debug_frame   0x00002e58       0x30 c:/ac6/systemworkbench/plugins/fr.ac6.mcu.externaltools.arm-none.win32_1.17.0.201812190825/tools/compiler/bin/../lib/gcc/arm-none-eabi/7.3.1/../../../../arm-none-eabi/lib/thumb/v6-m\libc_nano.a(lib_a-mlock.o)
 .debug_frame   0x00002e88       0x2c c:/ac6/systemworkbench/plugins/fr.ac6.mcu.externaltools.arm-none.win32_1.17.0.201812190825/tools/compiler/bin/../lib/gcc/arm-none-eabi/7.3.1/../../../../arm-none-eabi/lib/thumb/v6-m\libc_nano.a(lib_a-nano-freer.o)
 .debug_frame   0x00002eb4       0x2c c:/ac6/systemworkbench/plugins/fr.ac6.mcu.externaltools.arm-none.win32_1.17.0.201812190825/tools/compiler/bin/../lib/gcc/arm-none-eabi/7.3.1/../../../../arm-none-eabi/lib/thumb/v6-m\libc_nano.a(lib_a-readr.o)
 .debug_frame   0x00002ee0       0x48 c:/ac6/systemworkbench/plugins/fr.ac6.mcu.externaltools.arm-none.win32_1.17.0.201812190825/tools/compiler/bin/../lib/gcc/arm-none-eabi/7.3.1/../../../../arm-none-eabi/lib/thumb/v6-m\libc_nano.a(lib_a-reent.o)
 .debug_frame   0x00002f28       0x2c c:/ac6/systemworkbench/plugins/fr.ac6.mcu.externaltools.arm-none.win32_1.17.0.201812190825/tools/compiler/bin/../lib/gcc/arm-none-eabi/7.3.1/../../../../arm-none-eabi/lib/thumb/v6-m\libc_nano.a(lib_a-fstatr.o)
 .debug_frame   0x00002f54       0x2c c:/ac6/systemworkbench/plugins/fr.ac6.mcu.externaltools.arm-none.win32_1.17.0.201812190825/tools/compiler/bin/../lib/gcc/arm-none-eabi/7.3.1/../../../../arm-none-eabi/lib/thumb/v6-m\libc_nano.a(lib_a-isattyr.o)